Archive member included to satisfy reference by file (symbol)

d:/chain/gcc-arm-none-eabi-10.3-2021.10-win32/gcc-arm-none-eabi-10.3-2021.10/bin/../lib/gcc/arm-none-eabi/10.3.1/../../../../arm-none-eabi/lib/thumb/v7e-m+fp/hard\libc_nano.a(lib_a-errno.o)
                              build/sysmem.o (__errno)
d:/chain/gcc-arm-none-eabi-10.3-2021.10-win32/gcc-arm-none-eabi-10.3-2021.10/bin/../lib/gcc/arm-none-eabi/10.3.1/../../../../arm-none-eabi/lib/thumb/v7e-m+fp/hard\libc_nano.a(lib_a-exit.o)
                              d:/chain/gcc-arm-none-eabi-10.3-2021.10-win32/gcc-arm-none-eabi-10.3-2021.10/bin/../lib/gcc/arm-none-eabi/10.3.1/../../../../arm-none-eabi/lib/thumb/v7e-m+fp/hard/crt0.o (exit)
d:/chain/gcc-arm-none-eabi-10.3-2021.10-win32/gcc-arm-none-eabi-10.3-2021.10/bin/../lib/gcc/arm-none-eabi/10.3.1/../../../../arm-none-eabi/lib/thumb/v7e-m+fp/hard\libc_nano.a(lib_a-impure.o)
                              d:/chain/gcc-arm-none-eabi-10.3-2021.10-win32/gcc-arm-none-eabi-10.3-2021.10/bin/../lib/gcc/arm-none-eabi/10.3.1/../../../../arm-none-eabi/lib/thumb/v7e-m+fp/hard\libc_nano.a(lib_a-exit.o) (_global_impure_ptr)
d:/chain/gcc-arm-none-eabi-10.3-2021.10-win32/gcc-arm-none-eabi-10.3-2021.10/bin/../lib/gcc/arm-none-eabi/10.3.1/../../../../arm-none-eabi/lib/thumb/v7e-m+fp/hard\libc_nano.a(lib_a-init.o)
                              d:/chain/gcc-arm-none-eabi-10.3-2021.10-win32/gcc-arm-none-eabi-10.3-2021.10/bin/../lib/gcc/arm-none-eabi/10.3.1/../../../../arm-none-eabi/lib/thumb/v7e-m+fp/hard/crt0.o (__libc_init_array)
d:/chain/gcc-arm-none-eabi-10.3-2021.10-win32/gcc-arm-none-eabi-10.3-2021.10/bin/../lib/gcc/arm-none-eabi/10.3.1/../../../../arm-none-eabi/lib/thumb/v7e-m+fp/hard\libc_nano.a(lib_a-memcpy-stub.o)
                              build/queue.o (memcpy)
d:/chain/gcc-arm-none-eabi-10.3-2021.10-win32/gcc-arm-none-eabi-10.3-2021.10/bin/../lib/gcc/arm-none-eabi/10.3.1/../../../../arm-none-eabi/lib/thumb/v7e-m+fp/hard\libc_nano.a(lib_a-memset.o)
                              d:/chain/gcc-arm-none-eabi-10.3-2021.10-win32/gcc-arm-none-eabi-10.3-2021.10/bin/../lib/gcc/arm-none-eabi/10.3.1/../../../../arm-none-eabi/lib/thumb/v7e-m+fp/hard/crt0.o (memset)
d:/chain/gcc-arm-none-eabi-10.3-2021.10-win32/gcc-arm-none-eabi-10.3-2021.10/bin/../lib/gcc/arm-none-eabi/10.3.1/thumb/v7e-m+fp/hard\libgcc.a(_aeabi_uldivmod.o)
                              build/stm32f4xx_hal_uart.o (__aeabi_uldivmod)
d:/chain/gcc-arm-none-eabi-10.3-2021.10-win32/gcc-arm-none-eabi-10.3-2021.10/bin/../lib/gcc/arm-none-eabi/10.3.1/thumb/v7e-m+fp/hard\libgcc.a(_udivmoddi4.o)
                              d:/chain/gcc-arm-none-eabi-10.3-2021.10-win32/gcc-arm-none-eabi-10.3-2021.10/bin/../lib/gcc/arm-none-eabi/10.3.1/thumb/v7e-m+fp/hard\libgcc.a(_aeabi_uldivmod.o) (__udivmoddi4)
d:/chain/gcc-arm-none-eabi-10.3-2021.10-win32/gcc-arm-none-eabi-10.3-2021.10/bin/../lib/gcc/arm-none-eabi/10.3.1/thumb/v7e-m+fp/hard\libgcc.a(_dvmd_tls.o)
                              d:/chain/gcc-arm-none-eabi-10.3-2021.10-win32/gcc-arm-none-eabi-10.3-2021.10/bin/../lib/gcc/arm-none-eabi/10.3.1/thumb/v7e-m+fp/hard\libgcc.a(_aeabi_uldivmod.o) (__aeabi_ldiv0)

Discarded input sections

 .text          0x00000000        0x0 d:/chain/gcc-arm-none-eabi-10.3-2021.10-win32/gcc-arm-none-eabi-10.3-2021.10/bin/../lib/gcc/arm-none-eabi/10.3.1/thumb/v7e-m+fp/hard/crti.o
 .data          0x00000000        0x0 d:/chain/gcc-arm-none-eabi-10.3-2021.10-win32/gcc-arm-none-eabi-10.3-2021.10/bin/../lib/gcc/arm-none-eabi/10.3.1/thumb/v7e-m+fp/hard/crti.o
 .bss           0x00000000        0x0 d:/chain/gcc-arm-none-eabi-10.3-2021.10-win32/gcc-arm-none-eabi-10.3-2021.10/bin/../lib/gcc/arm-none-eabi/10.3.1/thumb/v7e-m+fp/hard/crti.o
 .data          0x00000000        0x4 d:/chain/gcc-arm-none-eabi-10.3-2021.10-win32/gcc-arm-none-eabi-10.3-2021.10/bin/../lib/gcc/arm-none-eabi/10.3.1/thumb/v7e-m+fp/hard/crtbegin.o
 .rodata        0x00000000       0x24 d:/chain/gcc-arm-none-eabi-10.3-2021.10-win32/gcc-arm-none-eabi-10.3-2021.10/bin/../lib/gcc/arm-none-eabi/10.3.1/thumb/v7e-m+fp/hard/crtbegin.o
 .text          0x00000000       0x7c d:/chain/gcc-arm-none-eabi-10.3-2021.10-win32/gcc-arm-none-eabi-10.3-2021.10/bin/../lib/gcc/arm-none-eabi/10.3.1/../../../../arm-none-eabi/lib/thumb/v7e-m+fp/hard/crt0.o
 .data          0x00000000        0x0 d:/chain/gcc-arm-none-eabi-10.3-2021.10-win32/gcc-arm-none-eabi-10.3-2021.10/bin/../lib/gcc/arm-none-eabi/10.3.1/../../../../arm-none-eabi/lib/thumb/v7e-m+fp/hard/crt0.o
 .bss           0x00000000        0x0 d:/chain/gcc-arm-none-eabi-10.3-2021.10-win32/gcc-arm-none-eabi-10.3-2021.10/bin/../lib/gcc/arm-none-eabi/10.3.1/../../../../arm-none-eabi/lib/thumb/v7e-m+fp/hard/crt0.o
 .ARM.extab     0x00000000        0x0 d:/chain/gcc-arm-none-eabi-10.3-2021.10-win32/gcc-arm-none-eabi-10.3-2021.10/bin/../lib/gcc/arm-none-eabi/10.3.1/../../../../arm-none-eabi/lib/thumb/v7e-m+fp/hard/crt0.o
[...]
Memory Configuration

Name             Origin             Length             Attributes
RAM              0x20000000         0x00030000         xrw
CCMRAM           0x10000000         0x00010000         xrw
FLASH            0x08000000         0x00100000         xr
*default*        0x00000000         0xffffffff

Linker script and memory map

LOAD d:/chain/gcc-arm-none-eabi-10.3-2021.10-win32/gcc-arm-none-eabi-10.3-2021.10/bin/../lib/gcc/arm-none-eabi/10.3.1/thumb/v7e-m+fp/hard/crti.o
LOAD d:/chain/gcc-arm-none-eabi-10.3-2021.10-win32/gcc-arm-none-eabi-10.3-2021.10/bin/../lib/gcc/arm-none-eabi/10.3.1/thumb/v7e-m+fp/hard/crtbegin.o
LOAD d:/chain/gcc-arm-none-eabi-10.3-2021.10-win32/gcc-arm-none-eabi-10.3-2021.10/bin/../lib/gcc/arm-none-eabi/10.3.1/../../../../arm-none-eabi/lib/thumb/v7e-m+fp/hard/crt0.o
LOAD build/main.o
LOAD build/gpio.o
LOAD build/usart.o
LOAD build/dma.o
LOAD build/Emm_V5.o
LOAD build/gimbal.o
LOAD build/multi_button.o
LOAD build/btn_task.o
LOAD build/motor_task.o
LOAD build/stm32f4xx_it.o
LOAD build/stm32f4xx_hal_msp.o
LOAD build/stm32f4xx_hal_tim.o
LOAD build/stm32f4xx_hal_tim_ex.o
LOAD build/stm32f4xx_hal_uart.o
LOAD build/stm32f4xx_hal_rcc.o
LOAD build/stm32f4xx_hal_rcc_ex.o
LOAD build/stm32f4xx_hal_flash.o
LOAD build/stm32f4xx_hal_flash_ex.o
LOAD build/stm32f4xx_hal_flash_ramfunc.o
LOAD build/stm32f4xx_hal_gpio.o
LOAD build/stm32f4xx_hal_dma_ex.o
LOAD build/stm32f4xx_hal_dma.o
LOAD build/stm32f4xx_hal_pwr.o
LOAD build/stm32f4xx_hal_pwr_ex.o
LOAD build/stm32f4xx_hal_cortex.o
LOAD build/stm32f4xx_hal.o
LOAD build/stm32f4xx_hal_exti.o
LOAD build/system_stm32f4xx.o
LOAD build/sysmem.o
LOAD build/syscalls.o
LOAD build/freertos.o
LOAD build/stm32f4xx_hal_timebase_tim.o
LOAD build/croutine.o
LOAD build/event_groups.o
LOAD build/list.o
LOAD build/queue.o
LOAD build/stream_buffer.o
LOAD build/tasks.o
LOAD build/timers.o
LOAD build/cmsis_os2.o
LOAD build/heap_4.o
LOAD build/port.o
LOAD build/startup_stm32f427xx.o
LOAD d:/chain/gcc-arm-none-eabi-10.3-2021.10-win32/gcc-arm-none-eabi-10.3-2021.10/bin/../lib/gcc/arm-none-eabi/10.3.1/../../../../arm-none-eabi/lib/thumb/v7e-m+fp/hard\libc_nano.a
LOAD d:/chain/gcc-arm-none-eabi-10.3-2021.10-win32/gcc-arm-none-eabi-10.3-2021.10/bin/../lib/gcc/arm-none-eabi/10.3.1/../../../../arm-none-eabi/lib/thumb/v7e-m+fp/hard\libm.a
LOAD d:/chain/gcc-arm-none-eabi-10.3-2021.10-win32/gcc-arm-none-eabi-10.3-2021.10/bin/../lib/gcc/arm-none-eabi/10.3.1/../../../../arm-none-eabi/lib/thumb/v7e-m+fp/hard\libnosys.a
START GROUP
LOAD d:/chain/gcc-arm-none-eabi-10.3-2021.10-win32/gcc-arm-none-eabi-10.3-2021.10/bin/../lib/gcc/arm-none-eabi/10.3.1/thumb/v7e-m+fp/hard\libgcc.a
LOAD d:/chain/gcc-arm-none-eabi-10.3-2021.10-win32/gcc-arm-none-eabi-10.3-2021.10/bin/../lib/gcc/arm-none-eabi/10.3.1/../../../../arm-none-eabi/lib/thumb/v7e-m+fp/hard\libc_nano.a
END GROUP
START GROUP
LOAD d:/chain/gcc-arm-none-eabi-10.3-2021.10-win32/gcc-arm-none-eabi-10.3-2021.10/bin/../lib/gcc/arm-none-eabi/10.3.1/thumb/v7e-m+fp/hard\libgcc.a
LOAD d:/chain/gcc-arm-none-eabi-10.3-2021.10-win32/gcc-arm-none-eabi-10.3-2021.10/bin/../lib/gcc/arm-none-eabi/10.3.1/../../../../arm-none-eabi/lib/thumb/v7e-m+fp/hard\libc_nano.a
END GROUP
LOAD d:/chain/gcc-arm-none-eabi-10.3-2021.10-win32/gcc-arm-none-eabi-10.3-2021.10/bin/../lib/gcc/arm-none-eabi/10.3.1/thumb/v7e-m+fp/hard/crtend.o
LOAD d:/chain/gcc-arm-none-eabi-10.3-2021.10-win32/gcc-arm-none-eabi-10.3-2021.10/bin/../lib/gcc/arm-none-eabi/10.3.1/thumb/v7e-m+fp/hard/crtn.o
                0x20030000                _estack = (ORIGIN (RAM) + LENGTH (RAM))
                0x00000200                _Min_Heap_Size = 0x200
                0x00000400                _Min_Stack_Size = 0x400

.isr_vector     0x08000000      0x1ac
                0x08000000                . = ALIGN (0x4)
 *(.isr_vector)
 .isr_vector    0x08000000      0x1ac build/startup_stm32f427xx.o
                0x08000000                g_pfnVectors
                0x080001ac                . = ALIGN (0x4)

.text           0x080001b0     0x45ac
                0x080001b0                . = ALIGN (0x4)
 *(.text)
 .text          0x080001b0       0x40 d:/chain/gcc-arm-none-eabi-10.3-2021.10-win32/gcc-arm-none-eabi-10.3-2021.10/bin/../lib/gcc/arm-none-eabi/10.3.1/thumb/v7e-m+fp/hard/crtbegin.o
 .text          0x080001f0       0x30 d:/chain/gcc-arm-none-eabi-10.3-2021.10-win32/gcc-arm-none-eabi-10.3-2021.10/bin/../lib/gcc/arm-none-eabi/10.3.1/thumb/v7e-m+fp/hard\libgcc.a(_aeabi_uldivmod.o)
                0x080001f0                __aeabi_uldivmod
 .text          0x08000220      0x2d0 d:/chain/gcc-arm-none-eabi-10.3-2021.10-win32/gcc-arm-none-eabi-10.3-2021.10/bin/../lib/gcc/arm-none-eabi/10.3.1/thumb/v7e-m+fp/hard\libgcc.a(_udivmoddi4.o)
                0x08000220                __udivmoddi4
 .text          0x080004f0        0x4 d:/chain/gcc-arm-none-eabi-10.3-2021.10-win32/gcc-arm-none-eabi-10.3-2021.10/bin/../lib/gcc/arm-none-eabi/10.3.1/thumb/v7e-m+fp/hard\libgcc.a(_dvmd_tls.o)
                0x080004f0                __aeabi_idiv0
                0x080004f0                __aeabi_ldiv0
 *(.text*)
 .text.HAL_TIM_PeriodElapsedCallback
                0x080004f4       0x18 build/main.o
                0x080004f4                HAL_TIM_PeriodElapsedCallback
 .text.Error_Handler
                0x0800050c        0x4 build/main.o
                0x0800050c                Error_Handler
 .text.SystemClock_Config
                0x08000510       0xb4 build/main.o
                0x08000510                SystemClock_Config
 .text.main     0x080005c4       0x2c build/main.o
                0x080005c4                main
 .text.MX_GPIO_Init
                0x080005f0       0xc0 build/gpio.o
                0x080005f0                MX_GPIO_Init
 .text.MX_USART6_UART_Init
                0x080006b0       0x34 build/usart.o
                0x080006b0                MX_USART6_UART_Init
 .text.HAL_UART_MspInit
                0x080006e4       0xf8 build/usart.o
                0x080006e4                HAL_UART_MspInit
 .text.MX_DMA_Init
                0x080007dc       0x44 build/dma.o
                0x080007dc                MX_DMA_Init
 .text.Emm_V5_En_Control
                0x08000820       0x2c build/Emm_V5.o
                0x08000820                Emm_V5_En_Control
 .text.button_handler
                0x0800084c      0x260 build/multi_button.o
 .text.button_init
                0x08000aac       0x3e build/multi_button.o
                0x08000aac                button_init
 .text.button_attach
                0x08000aea       0x12 build/multi_button.o
                0x08000aea                button_attach
 .text.button_start
                0x08000afc       0x30 build/multi_button.o
                0x08000afc                button_start
 .text.button_ticks
                0x08000b2c       0x1c build/multi_button.o
                0x08000b2c                button_ticks
 .text.read_button_gpio
                0x08000b48       0x18 build/btn_task.o
                0x08000b48                read_button_gpio
 .text.Btn_Msg_Send
                0x08000b60       0x3c build/btn_task.o
                0x08000b60                Btn_Msg_Send
 .text.StartBtnTask
                0x08000b9c       0x48 build/btn_task.o
                0x08000b9c                StartBtnTask
 .text.StartMotorTask
                0x08000be4       0x5c build/motor_task.o
                0x08000be4                StartMotorTask
 .text.NMI_Handler
                0x08000c40        0x2 build/stm32f4xx_it.o
                0x08000c40                NMI_Handler
 .text.HardFault_Handler
                0x08000c42        0x2 build/stm32f4xx_it.o
                0x08000c42                HardFault_Handler
 .text.MemManage_Handler
                0x08000c44        0x2 build/stm32f4xx_it.o
                0x08000c44                MemManage_Handler
 .text.BusFault_Handler
                0x08000c46        0x2 build/stm32f4xx_it.o
                0x08000c46                BusFault_Handler
 .text.UsageFault_Handler
                0x08000c48        0x2 build/stm32f4xx_it.o
                0x08000c48                UsageFault_Handler
 .text.DebugMon_Handler
                0x08000c4a        0x2 build/stm32f4xx_it.o
                0x08000c4a                DebugMon_Handler
 .text.TIM7_IRQHandler
                0x08000c4c       0x10 build/stm32f4xx_it.o
                0x08000c4c                TIM7_IRQHandler
 .text.DMA2_Stream1_IRQHandler
                0x08000c5c       0x10 build/stm32f4xx_it.o
                0x08000c5c                DMA2_Stream1_IRQHandler
 .text.DMA2_Stream6_IRQHandler
                0x08000c6c       0x10 build/stm32f4xx_it.o
                0x08000c6c                DMA2_Stream6_IRQHandler
 .text.USART6_IRQHandler
                0x08000c7c       0x10 build/stm32f4xx_it.o
                0x08000c7c                USART6_IRQHandler
 .text.HAL_MspInit
                0x08000c8c       0x44 build/stm32f4xx_hal_msp.o
                0x08000c8c                HAL_MspInit
 .text.HAL_TIM_Base_MspInit
                0x08000cd0        0x2 build/stm32f4xx_hal_tim.o
                0x08000cd0                HAL_TIM_Base_MspInit
 *fill*         0x08000cd2        0x2 
 .text.HAL_TIM_Base_Start_IT
                0x08000cd4       0x88 build/stm32f4xx_hal_tim.o
                0x08000cd4                HAL_TIM_Base_Start_IT
 .text.HAL_TIM_OC_DelayElapsedCallback
                0x08000d5c        0x2 build/stm32f4xx_hal_tim.o
                0x08000d5c                HAL_TIM_OC_DelayElapsedCallback
 .text.HAL_TIM_IC_CaptureCallback
                0x08000d5e        0x2 build/stm32f4xx_hal_tim.o
                0x08000d5e                HAL_TIM_IC_CaptureCallback
 .text.HAL_TIM_PWM_PulseFinishedCallback
                0x08000d60        0x2 build/stm32f4xx_hal_tim.o
                0x08000d60                HAL_TIM_PWM_PulseFinishedCallback
 .text.HAL_TIM_TriggerCallback
                0x08000d62        0x2 build/stm32f4xx_hal_tim.o
                0x08000d62                HAL_TIM_TriggerCallback
 .text.HAL_TIM_IRQHandler
                0x08000d64      0x15e build/stm32f4xx_hal_tim.o
                0x08000d64                HAL_TIM_IRQHandler
 *fill*         0x08000ec2        0x2 
 .text.TIM_Base_SetConfig
                0x08000ec4       0xd0 build/stm32f4xx_hal_tim.o
                0x08000ec4                TIM_Base_SetConfig
 .text.HAL_TIM_Base_Init
                0x08000f94       0x58 build/stm32f4xx_hal_tim.o
                0x08000f94                HAL_TIM_Base_Init
 .text.HAL_TIMEx_CommutCallback
                0x08000fec        0x2 build/stm32f4xx_hal_tim_ex.o
                0x08000fec                HAL_TIMEx_CommutCallback
 .text.HAL_TIMEx_BreakCallback
                0x08000fee        0x2 build/stm32f4xx_hal_tim_ex.o
                0x08000fee                HAL_TIMEx_BreakCallback
 .text.UART_EndTxTransfer
                0x08000ff0       0x20 build/stm32f4xx_hal_uart.o
 .text.UART_EndRxTransfer
                0x08001010       0x5c build/stm32f4xx_hal_uart.o
 .text.UART_Transmit_IT
                0x0800106c       0x60 build/stm32f4xx_hal_uart.o
 .text.UART_SetConfig
                0x080010cc      0x110 build/stm32f4xx_hal_uart.o
 .text.HAL_UART_Init
                0x080011dc       0x60 build/stm32f4xx_hal_uart.o
                0x080011dc                HAL_UART_Init
 .text.HAL_UART_Transmit_DMA
                0x0800123c       0x90 build/stm32f4xx_hal_uart.o
                0x0800123c                HAL_UART_Transmit_DMA
 .text.HAL_UART_TxCpltCallback
                0x080012cc        0x2 build/stm32f4xx_hal_uart.o
                0x080012cc                HAL_UART_TxCpltCallback
 .text.UART_DMATransmitCplt
                0x080012ce       0x4c build/stm32f4xx_hal_uart.o
 .text.UART_EndTransmit_IT
                0x0800131a       0x1a build/stm32f4xx_hal_uart.o
 .text.HAL_UART_TxHalfCpltCallback
                0x08001334        0x2 build/stm32f4xx_hal_uart.o
                0x08001334                HAL_UART_TxHalfCpltCallback
 .text.UART_DMATxHalfCplt
                0x08001336        0xa build/stm32f4xx_hal_uart.o
 .text.HAL_UART_RxCpltCallback
                0x08001340        0x2 build/stm32f4xx_hal_uart.o
                0x08001340                HAL_UART_RxCpltCallback
 .text.HAL_UART_ErrorCallback
                0x08001342        0x2 build/stm32f4xx_hal_uart.o
                0x08001342                HAL_UART_ErrorCallback
 .text.UART_DMAError
                0x08001344       0x58 build/stm32f4xx_hal_uart.o
 .text.UART_DMAAbortOnError
                0x0800139c        0xe build/stm32f4xx_hal_uart.o
 .text.HAL_UARTEx_RxEventCallback
                0x080013aa        0x2 build/stm32f4xx_hal_uart.o
                0x080013aa                HAL_UARTEx_RxEventCallback
 .text.UART_Receive_IT
                0x080013ac       0xe6 build/stm32f4xx_hal_uart.o
 *fill*         0x08001492        0x2 
 .text.HAL_UART_IRQHandler
                0x08001494      0x2a4 build/stm32f4xx_hal_uart.o
                0x08001494                HAL_UART_IRQHandler
 .text.HAL_RCC_OscConfig
                0x08001738      0x3f8 build/stm32f4xx_hal_rcc.o
                0x08001738                HAL_RCC_OscConfig
 .text.HAL_RCC_GetSysClockFreq
                0x08001b30       0xa4 build/stm32f4xx_hal_rcc.o
                0x08001b30                HAL_RCC_GetSysClockFreq
 .text.HAL_RCC_ClockConfig
                0x08001bd4      0x160 build/stm32f4xx_hal_rcc.o
                0x08001bd4                HAL_RCC_ClockConfig
 .text.HAL_RCC_GetHCLKFreq
                0x08001d34        0xc build/stm32f4xx_hal_rcc.o
                0x08001d34                HAL_RCC_GetHCLKFreq
 .text.HAL_RCC_GetPCLK1Freq
                0x08001d40       0x20 build/stm32f4xx_hal_rcc.o
                0x08001d40                HAL_RCC_GetPCLK1Freq
 .text.HAL_RCC_GetPCLK2Freq
                0x08001d60       0x20 build/stm32f4xx_hal_rcc.o
                0x08001d60                HAL_RCC_GetPCLK2Freq
 .text.HAL_RCC_GetClockConfig
                0x08001d80       0x3c build/stm32f4xx_hal_rcc.o
                0x08001d80                HAL_RCC_GetClockConfig
 .text.HAL_GPIO_Init
                0x08001dbc      0x1fc build/stm32f4xx_hal_gpio.o
                0x08001dbc                HAL_GPIO_Init
 .text.HAL_GPIO_ReadPin
                0x08001fb8        0xe build/stm32f4xx_hal_gpio.o
                0x08001fb8                HAL_GPIO_ReadPin
 .text.HAL_GPIO_WritePin
                0x08001fc6        0xc build/stm32f4xx_hal_gpio.o
                0x08001fc6                HAL_GPIO_WritePin
 .text.DMA_SetConfig
                0x08001fd2       0x2c build/stm32f4xx_hal_dma.o
 *fill*         0x08001ffe        0x2 
 .text.DMA_CalcBaseAndBitshift
                0x08002000       0x44 build/stm32f4xx_hal_dma.o
 .text.DMA_CheckFifoParam
                0x08002044       0x8e build/stm32f4xx_hal_dma.o
 *fill*         0x080020d2        0x2 
 .text.HAL_DMA_Init
                0x080020d4       0xcc build/stm32f4xx_hal_dma.o
                0x080020d4                HAL_DMA_Init
 .text.HAL_DMA_Start_IT
                0x080021a0       0x6a build/stm32f4xx_hal_dma.o
                0x080021a0                HAL_DMA_Start_IT
 .text.HAL_DMA_Abort
                0x0800220a       0x94 build/stm32f4xx_hal_dma.o
                0x0800220a                HAL_DMA_Abort
 .text.HAL_DMA_Abort_IT
                0x0800229e       0x26 build/stm32f4xx_hal_dma.o
                0x0800229e                HAL_DMA_Abort_IT
 .text.HAL_DMA_IRQHandler
                0x080022c4      0x1dc build/stm32f4xx_hal_dma.o
                0x080022c4                HAL_DMA_IRQHandler
 .text.HAL_PWREx_EnableOverDrive
                0x080024a0       0x7c build/stm32f4xx_hal_pwr_ex.o
                0x080024a0                HAL_PWREx_EnableOverDrive
 .text.HAL_NVIC_SetPriorityGrouping
                0x0800251c       0x24 build/stm32f4xx_hal_cortex.o
                0x0800251c                HAL_NVIC_SetPriorityGrouping
 .text.HAL_NVIC_SetPriority
                0x08002540       0x70 build/stm32f4xx_hal_cortex.o
                0x08002540                HAL_NVIC_SetPriority
 .text.HAL_NVIC_EnableIRQ
                0x080025b0       0x1c build/stm32f4xx_hal_cortex.o
                0x080025b0                HAL_NVIC_EnableIRQ
 .text.HAL_Init
                0x080025cc       0x34 build/stm32f4xx_hal.o
                0x080025cc                HAL_Init
 .text.HAL_IncTick
                0x08002600       0x18 build/stm32f4xx_hal.o
                0x08002600                HAL_IncTick
 .text.HAL_GetTick
                0x08002618        0xc build/stm32f4xx_hal.o
                0x08002618                HAL_GetTick
 .text.HAL_Delay
                0x08002624       0x28 build/stm32f4xx_hal.o
                0x08002624                HAL_Delay
 .text.SystemInit
                0x0800264c       0x14 build/system_stm32f4xx.o
                0x0800264c                SystemInit
 .text.MX_FREERTOS_Init
                0x08002660       0x50 build/freertos.o
                0x08002660                MX_FREERTOS_Init
 .text.HAL_InitTick
                0x080026b0       0xa4 build/stm32f4xx_hal_timebase_tim.o
                0x080026b0                HAL_InitTick
 .text.vListInitialise
                0x08002754       0x16 build/list.o
                0x08002754                vListInitialise
 .text.vListInitialiseItem
                0x0800276a        0x6 build/list.o
                0x0800276a                vListInitialiseItem
 .text.vListInsertEnd
                0x08002770       0x16 build/list.o
                0x08002770                vListInsertEnd
 .text.vListInsert
                0x08002786       0x32 build/list.o
                0x08002786                vListInsert
 .text.uxListRemove
                0x080027b8       0x26 build/list.o
                0x080027b8                uxListRemove
 .text.prvIsQueueFull
                0x080027de       0x1e build/queue.o
 .text.prvIsQueueEmpty
                0x080027fc       0x1a build/queue.o
 .text.prvCopyDataToQueue
                0x08002816       0x76 build/queue.o
 .text.prvCopyDataFromQueue
                0x0800288c       0x24 build/queue.o
 .text.prvUnlockQueue
                0x080028b0       0x6e build/queue.o
 .text.xQueueGenericReset
                0x0800291e       0x84 build/queue.o
                0x0800291e                xQueueGenericReset
 .text.prvInitialiseNewQueue
                0x080029a2       0x22 build/queue.o
 .text.xQueueGenericCreateStatic
                0x080029c4       0x94 build/queue.o
                0x080029c4                xQueueGenericCreateStatic
 .text.xQueueGenericCreate
                0x08002a58       0x48 build/queue.o
                0x08002a58                xQueueGenericCreate
 .text.xQueueGenericSend
                0x08002aa0      0x188 build/queue.o
                0x08002aa0                xQueueGenericSend
 .text.xQueueGenericSendFromISR
                0x08002c28       0xce build/queue.o
                0x08002c28                xQueueGenericSendFromISR
 .text.xQueueReceive
                0x08002cf6      0x15e build/queue.o
                0x08002cf6                xQueueReceive
 .text.xQueueReceiveFromISR
                0x08002e54       0xa8 build/queue.o
                0x08002e54                xQueueReceiveFromISR
 .text.vQueueAddToRegistry
                0x08002efc       0x28 build/queue.o
                0x08002efc                vQueueAddToRegistry
 .text.vQueueWaitForMessageRestricted
                0x08002f24       0x52 build/queue.o
                0x08002f24                vQueueWaitForMessageRestricted
 *fill*         0x08002f76        0x2 
 .text.prvResetNextTaskUnblockTime
                0x08002f78       0x2c build/tasks.o
 .text.prvInitialiseNewTask
                0x08002fa4       0xa6 build/tasks.o
 *fill*         0x0800304a        0x2 
 .text.prvInitialiseTaskLists
                0x0800304c       0x68 build/tasks.o
 .text.prvAddNewTaskToReadyList
                0x080030b4       0xac build/tasks.o
 .text.prvDeleteTCB
                0x08003160       0x38 build/tasks.o
 .text.prvCheckTasksWaitingTermination
                0x08003198       0x4c build/tasks.o
 .text.prvIdleTask
                0x080031e4       0x28 build/tasks.o
 .text.prvAddCurrentTaskToDelayedList
                0x0800320c       0x7c build/tasks.o
 .text.xTaskCreateStatic
                0x08003288       0x76 build/tasks.o
                0x08003288                xTaskCreateStatic
 .text.xTaskCreate
                0x080032fe       0x68 build/tasks.o
                0x080032fe                xTaskCreate
 *fill*         0x08003366        0x2 
 .text.vTaskStartScheduler
                0x08003368       0x9c build/tasks.o
                0x08003368                vTaskStartScheduler
 .text.vTaskSuspendAll
                0x08003404       0x10 build/tasks.o
                0x08003404                vTaskSuspendAll
 .text.xTaskGetTickCount
                0x08003414        0xc build/tasks.o
                0x08003414                xTaskGetTickCount
 .text.xTaskIncrementTick
                0x08003420      0x118 build/tasks.o
                0x08003420                xTaskIncrementTick
 .text.xTaskResumeAll
                0x08003538       0xf8 build/tasks.o
                0x08003538                xTaskResumeAll
 .text.vTaskDelay
                0x08003630       0x4c build/tasks.o
                0x08003630                vTaskDelay
 .text.vTaskSwitchContext
                0x0800367c       0x94 build/tasks.o
                0x0800367c                vTaskSwitchContext
 .text.vTaskPlaceOnEventList
                0x08003710       0x30 build/tasks.o
                0x08003710                vTaskPlaceOnEventList
 .text.vTaskPlaceOnEventListRestricted
                0x08003740       0x38 build/tasks.o
                0x08003740                vTaskPlaceOnEventListRestricted
 .text.xTaskRemoveFromEventList
                0x08003778       0x8c build/tasks.o
                0x08003778                xTaskRemoveFromEventList
 .text.vTaskInternalSetTimeOutState
                0x08003804       0x18 build/tasks.o
                0x08003804                vTaskInternalSetTimeOutState
 .text.xTaskCheckForTimeOut
                0x0800381c       0x84 build/tasks.o
                0x0800381c                xTaskCheckForTimeOut
 .text.vTaskMissedYield
                0x080038a0        0xc build/tasks.o
                0x080038a0                vTaskMissedYield
 .text.xTaskGetSchedulerState
                0x080038ac       0x20 build/tasks.o
                0x080038ac                xTaskGetSchedulerState
 .text.xTaskPriorityDisinherit
                0x080038cc       0x90 build/tasks.o
                0x080038cc                xTaskPriorityDisinherit
 .text.prvGetNextExpireTime
                0x0800395c       0x20 build/timers.o
 .text.prvInsertTimerInActiveList
                0x0800397c       0x48 build/timers.o
 .text.prvCheckForValidListAndQueue
                0x080039c4       0x70 build/timers.o
 .text.xTimerCreateTimerTask
                0x08003a34       0x64 build/timers.o
                0x08003a34                xTimerCreateTimerTask
 .text.xTimerGenericCommand
                0x08003a98       0x6c build/timers.o
                0x08003a98                xTimerGenericCommand
 .text.prvSwitchTimerLists
                0x08003b04       0x7c build/timers.o
 .text.prvSampleTimeNow
                0x08003b80       0x2c build/timers.o
 .text.prvProcessExpiredTimer
                0x08003bac       0x6c build/timers.o
 .text.prvProcessTimerOrBlockTask
                0x08003c18       0x74 build/timers.o
 .text.prvProcessReceivedCommands
                0x08003c8c      0x10c build/timers.o
 .text.prvTimerTask
                0x08003d98       0x16 build/timers.o
 .text.SysTick_Handler
                0x08003dae       0x18 build/cmsis_os2.o
                0x08003dae                SysTick_Handler
 *fill*         0x08003dc6        0x2 
 .text.osKernelInitialize
                0x08003dc8       0x24 build/cmsis_os2.o
                0x08003dc8                osKernelInitialize
 .text.osKernelStart
                0x08003dec       0x38 build/cmsis_os2.o
                0x08003dec                osKernelStart
 .text.osThreadNew
                0x08003e24       0xbc build/cmsis_os2.o
                0x08003e24                osThreadNew
 .text.osDelay  0x08003ee0       0x1c build/cmsis_os2.o
                0x08003ee0                osDelay
 .text.osMessageQueueNew
                0x08003efc       0x96 build/cmsis_os2.o
                0x08003efc                osMessageQueueNew
 .text.osMessageQueuePut
                0x08003f92       0x84 build/cmsis_os2.o
                0x08003f92                osMessageQueuePut
 .text.osMessageQueueGet
                0x08004016       0x82 build/cmsis_os2.o
                0x08004016                osMessageQueueGet
 .text.vApplicationGetIdleTaskMemory
                0x08004098       0x18 build/cmsis_os2.o
                0x08004098                vApplicationGetIdleTaskMemory
 .text.vApplicationGetTimerTaskMemory
                0x080040b0       0x18 build/cmsis_os2.o
                0x080040b0                vApplicationGetTimerTaskMemory
 .text.prvHeapInit
                0x080040c8       0x64 build/heap_4.o
 .text.prvInsertBlockIntoFreeList
                0x0800412c       0x64 build/heap_4.o
 .text.pvPortMalloc
                0x08004190       0xfc build/heap_4.o
                0x08004190                pvPortMalloc
 .text.vPortFree
                0x0800428c       0x7c build/heap_4.o
                0x0800428c                vPortFree
 .text.prvTaskExitError
                0x08004308       0x40 build/port.o
 .text.prvPortStartFirstTask
                0x08004348       0x28 build/port.o
 .text.vPortEnableVFP
                0x08004370       0x14 build/port.o
 .text.pxPortInitialiseStack
                0x08004384       0x2c build/port.o
                0x08004384                pxPortInitialiseStack
 .text.SVC_Handler
                0x080043b0       0x24 build/port.o
                0x080043b0                SVC_Handler
 .text.vPortEnterCritical
                0x080043d4       0x44 build/port.o
                0x080043d4                vPortEnterCritical
 .text.vPortExitCritical
                0x08004418       0x2c build/port.o
                0x08004418                vPortExitCritical
 *fill*         0x08004444        0xc 
 .text.PendSV_Handler
                0x08004450       0x64 build/port.o
                0x08004450                PendSV_Handler
 .text.xPortSysTickHandler
                0x080044b4       0x2c build/port.o
                0x080044b4                xPortSysTickHandler
 .text.vPortSetupTimerInterrupt
                0x080044e0       0x28 build/port.o
                0x080044e0                vPortSetupTimerInterrupt
 .text.xPortStartScheduler
                0x08004508      0x118 build/port.o
                0x08004508                xPortStartScheduler
 .text.vPortValidateInterruptPriority
                0x08004620       0x5c build/port.o
                0x08004620                vPortValidateInterruptPriority
 .text.Reset_Handler
                0x0800467c       0x50 build/startup_stm32f427xx.o
                0x0800467c                Reset_Handler
 .text.Default_Handler
                0x080046cc        0x2 build/startup_stm32f427xx.o
                0x080046cc                RTC_Alarm_IRQHandler
                0x080046cc                HASH_RNG_IRQHandler
                0x080046cc                EXTI2_IRQHandler
                0x080046cc                TIM8_CC_IRQHandler
                0x080046cc                UART8_IRQHandler
                0x080046cc                SPI4_IRQHandler
                0x080046cc                TIM1_CC_IRQHandler
                0x080046cc                DMA2_Stream5_IRQHandler
                0x080046cc                DMA1_Stream5_IRQHandler
                0x080046cc                PVD_IRQHandler
                0x080046cc                SDIO_IRQHandler
                0x080046cc                TAMP_STAMP_IRQHandler
                0x080046cc                CAN2_RX1_IRQHandler
                0x080046cc                EXTI3_IRQHandler
                0x080046cc                TIM8_TRG_COM_TIM14_IRQHandler
                0x080046cc                TIM1_UP_TIM10_IRQHandler
                0x080046cc                TIM8_UP_TIM13_IRQHandler
                0x080046cc                I2C3_ER_IRQHandler
                0x080046cc                EXTI0_IRQHandler
                0x080046cc                I2C2_EV_IRQHandler
                0x080046cc                DMA1_Stream2_IRQHandler
                0x080046cc                CAN1_RX0_IRQHandler
                0x080046cc                FPU_IRQHandler
                0x080046cc                OTG_HS_WKUP_IRQHandler
                0x080046cc                CAN2_SCE_IRQHandler
                0x080046cc                DMA2_Stream2_IRQHandler
                0x080046cc                SPI1_IRQHandler
                0x080046cc                TIM6_DAC_IRQHandler
                0x080046cc                TIM1_BRK_TIM9_IRQHandler
                0x080046cc                DCMI_IRQHandler
                0x080046cc                CAN2_RX0_IRQHandler
                0x080046cc                DMA2_Stream3_IRQHandler
                0x080046cc                USART3_IRQHandler
                0x080046cc                CAN1_RX1_IRQHandler
                0x080046cc                UART5_IRQHandler
                0x080046cc                DMA2_Stream0_IRQHandler
                0x080046cc                TIM4_IRQHandler
                0x080046cc                I2C1_EV_IRQHandler
                0x080046cc                DMA1_Stream6_IRQHandler
                0x080046cc                DMA1_Stream1_IRQHandler
                0x080046cc                UART4_IRQHandler
                0x080046cc                TIM3_IRQHandler
                0x080046cc                RCC_IRQHandler
                0x080046cc                TIM8_BRK_TIM12_IRQHandler
                0x080046cc                Default_Handler
                0x080046cc                EXTI15_10_IRQHandler
                0x080046cc                ADC_IRQHandler
                0x080046cc                DMA1_Stream7_IRQHandler
                0x080046cc                SPI5_IRQHandler
                0x080046cc                CAN2_TX_IRQHandler
                0x080046cc                TIM5_IRQHandler
                0x080046cc                DMA2_Stream7_IRQHandler
                0x080046cc                I2C3_EV_IRQHandler
                0x080046cc                EXTI9_5_IRQHandler
                0x080046cc                RTC_WKUP_IRQHandler
                0x080046cc                ETH_WKUP_IRQHandler
                0x080046cc                SPI2_IRQHandler
                0x080046cc                OTG_HS_EP1_IN_IRQHandler
                0x080046cc                DMA1_Stream0_IRQHandler
                0x080046cc                CAN1_TX_IRQHandler
                0x080046cc                EXTI4_IRQHandler
                0x080046cc                ETH_IRQHandler
                0x080046cc                OTG_HS_EP1_OUT_IRQHandler
                0x080046cc                WWDG_IRQHandler
                0x080046cc                SPI6_IRQHandler
                0x080046cc                TIM2_IRQHandler
                0x080046cc                OTG_FS_WKUP_IRQHandler
                0x080046cc                TIM1_TRG_COM_TIM11_IRQHandler
                0x080046cc                OTG_HS_IRQHandler
                0x080046cc                DMA2D_IRQHandler
                0x080046cc                EXTI1_IRQHandler
                0x080046cc                UART7_IRQHandler
                0x080046cc                USART2_IRQHandler
                0x080046cc                I2C2_ER_IRQHandler
                0x080046cc                CAN1_SCE_IRQHandler
                0x080046cc                FLASH_IRQHandler
                0x080046cc                DMA2_Stream4_IRQHandler
                0x080046cc                USART1_IRQHandler
                0x080046cc                OTG_FS_IRQHandler
                0x080046cc                SPI3_IRQHandler
                0x080046cc                DMA1_Stream4_IRQHandler
                0x080046cc                I2C1_ER_IRQHandler
                0x080046cc                FMC_IRQHandler
                0x080046cc                SAI1_IRQHandler
                0x080046cc                DMA1_Stream3_IRQHandler
 *fill*         0x080046ce        0x2 
 .text.__libc_init_array
                0x080046d0       0x48 d:/chain/gcc-arm-none-eabi-10.3-2021.10-win32/gcc-arm-none-eabi-10.3-2021.10/bin/../lib/gcc/arm-none-eabi/10.3.1/../../../../arm-none-eabi/lib/thumb/v7e-m+fp/hard\libc_nano.a(lib_a-init.o)
                0x080046d0                __libc_init_array
 .text.memcpy   0x08004718       0x1c d:/chain/gcc-arm-none-eabi-10.3-2021.10-win32/gcc-arm-none-eabi-10.3-2021.10/bin/../lib/gcc/arm-none-eabi/10.3.1/../../../../arm-none-eabi/lib/thumb/v7e-m+fp/hard\libc_nano.a(lib_a-memcpy-stub.o)
                0x08004718                memcpy
 .text.memset   0x08004734       0x10 d:/chain/gcc-arm-none-eabi-10.3-2021.10-win32/gcc-arm-none-eabi-10.3-2021.10/bin/../lib/gcc/arm-none-eabi/10.3.1/../../../../arm-none-eabi/lib/thumb/v7e-m+fp/hard\libc_nano.a(lib_a-memset.o)
                0x08004734                memset
 *(.glue_7)
 .glue_7        0x08004744        0x0 linker stubs
 *(.glue_7t)
 .glue_7t       0x08004744        0x0 linker stubs
 *(.eh_frame)
 .eh_frame      0x08004744        0x0 d:/chain/gcc-arm-none-eabi-10.3-2021.10-win32/gcc-arm-none-eabi-10.3-2021.10/bin/../lib/gcc/arm-none-eabi/10.3.1/thumb/v7e-m+fp/hard/crtbegin.o
 *(.init)
 .init          0x08004744        0x4 d:/chain/gcc-arm-none-eabi-10.3-2021.10-win32/gcc-arm-none-eabi-10.3-2021.10/bin/../lib/gcc/arm-none-eabi/10.3.1/thumb/v7e-m+fp/hard/crti.o
                0x08004744                _init
 .init          0x08004748        0x8 d:/chain/gcc-arm-none-eabi-10.3-2021.10-win32/gcc-arm-none-eabi-10.3-2021.10/bin/../lib/gcc/arm-none-eabi/10.3.1/thumb/v7e-m+fp/hard/crtn.o
 *(.fini)
 .fini          0x08004750        0x4 d:/chain/gcc-arm-none-eabi-10.3-2021.10-win32/gcc-arm-none-eabi-10.3-2021.10/bin/../lib/gcc/arm-none-eabi/10.3.1/thumb/v7e-m+fp/hard/crti.o
                0x08004750                _fini
 .fini          0x08004754        0x8 d:/chain/gcc-arm-none-eabi-10.3-2021.10-win32/gcc-arm-none-eabi-10.3-2021.10/bin/../lib/gcc/arm-none-eabi/10.3.1/thumb/v7e-m+fp/hard/crtn.o
                0x0800475c                . = ALIGN (0x4)
                0x0800475c                _etext = .

.vfp11_veneer   0x0800475c        0x0
 .vfp11_veneer  0x0800475c        0x0 linker stubs

.v4_bx          0x0800475c        0x0
 .v4_bx         0x0800475c        0x0 linker stubs

.iplt           0x0800475c        0x0
 .iplt          0x0800475c        0x0 d:/chain/gcc-arm-none-eabi-10.3-2021.10-win32/gcc-arm-none-eabi-10.3-2021.10/bin/../lib/gcc/arm-none-eabi/10.3.1/thumb/v7e-m+fp/hard/crtbegin.o

.rodata         0x0800475c       0xb8
                0x0800475c                . = ALIGN (0x4)
 *(.rodata)
 *(.rodata*)
 .rodata.flagBitshiftOffset.0
                0x0800475c        0x8 build/stm32f4xx_hal_dma.o
 .rodata.AHBPrescTable
                0x08004764       0x10 build/system_stm32f4xx.o
                0x08004764                AHBPrescTable
 .rodata.APBPrescTable
                0x08004774        0x8 build/system_stm32f4xx.o
                0x08004774                APBPrescTable
 .rodata.str1.4
                0x0800477c       0x20 build/freertos.o
 .rodata.BtnQueue_attributes
                0x0800479c       0x18 build/freertos.o
                0x0800479c                BtnQueue_attributes
 .rodata.BtnTask_attributes
                0x080047b4       0x24 build/freertos.o
                0x080047b4                BtnTask_attributes
 .rodata.MotorTask_attributes
                0x080047d8       0x24 build/freertos.o
                0x080047d8                MotorTask_attributes
 .rodata.vTaskStartScheduler.str1.4
                0x080047fc        0x5 build/tasks.o
 *fill*         0x08004801        0x3 
 .rodata.prvCheckForValidListAndQueue.str1.4
                0x08004804        0x5 build/timers.o
 *fill*         0x08004809        0x3 
 .rodata.xTimerCreateTimerTask.str1.4
                0x0800480c        0x8 build/timers.o
                0x08004814                . = ALIGN (0x4)

.ARM.extab
 *(.ARM.extab* .gnu.linkonce.armextab.*)

.ARM            0x08004814        0x8
                0x08004814                __exidx_start = .
 *(.ARM.exidx*)
 .ARM.exidx     0x08004814        0x8 d:/chain/gcc-arm-none-eabi-10.3-2021.10-win32/gcc-arm-none-eabi-10.3-2021.10/bin/../lib/gcc/arm-none-eabi/10.3.1/thumb/v7e-m+fp/hard\libgcc.a(_udivmoddi4.o)
                0x0800481c                __exidx_end = .

.rel.dyn        0x0800481c        0x0
 .rel.iplt      0x0800481c        0x0 d:/chain/gcc-arm-none-eabi-10.3-2021.10-win32/gcc-arm-none-eabi-10.3-2021.10/bin/../lib/gcc/arm-none-eabi/10.3.1/thumb/v7e-m+fp/hard/crtbegin.o

.preinit_array  0x0800481c        0x0
                0x0800481c                PROVIDE (__preinit_array_start = .)
 *(.preinit_array*)
                0x0800481c                PROVIDE (__preinit_array_end = .)

.init_array     0x0800481c        0x4
                0x0800481c                PROVIDE (__init_array_start = .)
 *(SORT_BY_NAME(.init_array.*))
 *(.init_array*)
 .init_array    0x0800481c        0x4 d:/chain/gcc-arm-none-eabi-10.3-2021.10-win32/gcc-arm-none-eabi-10.3-2021.10/bin/../lib/gcc/arm-none-eabi/10.3.1/thumb/v7e-m+fp/hard/crtbegin.o
                0x08004820                PROVIDE (__init_array_end = .)

.fini_array     0x08004820        0x4
                [!provide]                PROVIDE (__fini_array_start = .)
 *(SORT_BY_NAME(.fini_array.*))
 *(.fini_array*)
 .fini_array    0x08004820        0x4 d:/chain/gcc-arm-none-eabi-10.3-2021.10-win32/gcc-arm-none-eabi-10.3-2021.10/bin/../lib/gcc/arm-none-eabi/10.3.1/thumb/v7e-m+fp/hard/crtbegin.o
                [!provide]                PROVIDE (__fini_array_end = .)
                0x08004824                _sidata = LOADADDR (.data)

.data           0x20000000       0x60 load address 0x08004824
                0x20000000                . = ALIGN (0x4)
                0x20000000                _sdata = .
 *(.data)
 *(.data*)
 .data.motor    0x20000000       0x50 build/motor_task.o
                0x20000000                motor
 .data.uwTickFreq
                0x20000050        0x1 build/stm32f4xx_hal.o
                0x20000050                uwTickFreq
 *fill*         0x20000051        0x3 
 .data.uwTickPrio
                0x20000054        0x4 build/stm32f4xx_hal.o
                0x20000054                uwTickPrio
 .data.SystemCoreClock
                0x20000058        0x4 build/system_stm32f4xx.o
                0x20000058                SystemCoreClock
 .data.uxCriticalNesting
                0x2000005c        0x4 build/port.o
                0x20000060                . = ALIGN (0x4)
                0x20000060                _edata = .
                0x08004884                _siccmram = LOADADDR (.ccmram)

.igot.plt       0x20000060        0x0 load address 0x08004884
 .igot.plt      0x20000060        0x0 d:/chain/gcc-arm-none-eabi-10.3-2021.10-win32/gcc-arm-none-eabi-10.3-2021.10/bin/../lib/gcc/arm-none-eabi/10.3.1/thumb/v7e-m+fp/hard/crtbegin.o

.ccmram         0x10000000        0x0 load address 0x08004884
                0x10000000                . = ALIGN (0x4)
                0x10000000                _sccmram = .
 *(.ccmram)
 *(.ccmram*)
                0x10000000                . = ALIGN (0x4)
                0x10000000                _eccmram = .
                0x10000000                . = ALIGN (0x4)

.bss            0x20000060     0x4b14
                0x20000060                _sbss = .
                0x20000060                __bss_start__ = _sbss
 *(.bss)
 .bss           0x20000060       0x1c d:/chain/gcc-arm-none-eabi-10.3-2021.10-win32/gcc-arm-none-eabi-10.3-2021.10/bin/../lib/gcc/arm-none-eabi/10.3.1/thumb/v7e-m+fp/hard/crtbegin.o
 *(.bss*)
 .bss.hdma_usart6_rx
                0x2000007c       0x60 build/usart.o
                0x2000007c                hdma_usart6_rx
 .bss.hdma_usart6_tx
                0x200000dc       0x60 build/usart.o
                0x200000dc                hdma_usart6_tx
 .bss.huart6    0x2000013c       0x48 build/usart.o
                0x2000013c                huart6
 .bss.cmd.43    0x20000184       0x10 build/Emm_V5.o
 .bss.head_handle
                0x20000194        0x4 build/multi_button.o
 .bss.btn1.0    0x20000198       0x30 build/btn_task.o
 .bss.click     0x200001c8        0x2 build/btn_task.o
                0x200001c8                click
 *fill*         0x200001ca        0x2 
 .bss.uwTick    0x200001cc        0x4 build/stm32f4xx_hal.o
                0x200001cc                uwTick
 .bss.BtnQueueHandle
                0x200001d0        0x4 build/freertos.o
                0x200001d0                BtnQueueHandle
 .bss.BtnTaskHandle
                0x200001d4        0x4 build/freertos.o
                0x200001d4                BtnTaskHandle
 .bss.MotorTaskHandle
                0x200001d8        0x4 build/freertos.o
                0x200001d8                MotorTaskHandle
 .bss.htim7     0x200001dc       0x48 build/stm32f4xx_hal_timebase_tim.o
                0x200001dc                htim7
 .bss.xQueueRegistry
                0x20000224       0x40 build/queue.o
                0x20000224                xQueueRegistry
 .bss.pxCurrentTCB
                0x20000264        0x4 build/tasks.o
                0x20000264                pxCurrentTCB
 .bss.pxDelayedTaskList
                0x20000268        0x4 build/tasks.o
 .bss.pxOverflowDelayedTaskList
                0x2000026c        0x4 build/tasks.o
 .bss.pxReadyTasksLists
                0x20000270      0x460 build/tasks.o
 .bss.uxCurrentNumberOfTasks
                0x200006d0        0x4 build/tasks.o
 .bss.uxDeletedTasksWaitingCleanUp
                0x200006d4        0x4 build/tasks.o
 .bss.uxSchedulerSuspended
                0x200006d8        0x4 build/tasks.o
 .bss.uxTaskNumber
                0x200006dc        0x4 build/tasks.o
 .bss.uxTopReadyPriority
                0x200006e0        0x4 build/tasks.o
 .bss.xDelayedTaskList1
                0x200006e4       0x14 build/tasks.o
 .bss.xDelayedTaskList2
                0x200006f8       0x14 build/tasks.o
 .bss.xIdleTaskHandle
                0x2000070c        0x4 build/tasks.o
 .bss.xNextTaskUnblockTime
                0x20000710        0x4 build/tasks.o
 .bss.xNumOfOverflows
                0x20000714        0x4 build/tasks.o
 .bss.xPendedTicks
                0x20000718        0x4 build/tasks.o
 .bss.xPendingReadyList
                0x2000071c       0x14 build/tasks.o
 .bss.xSchedulerRunning
                0x20000730        0x4 build/tasks.o
 .bss.xSuspendedTaskList
                0x20000734       0x14 build/tasks.o
 .bss.xTasksWaitingTermination
                0x20000748       0x14 build/tasks.o
 .bss.xTickCount
                0x2000075c        0x4 build/tasks.o
 .bss.xYieldPending
                0x20000760        0x4 build/tasks.o
 .bss.pxCurrentTimerList
                0x20000764        0x4 build/timers.o
 .bss.pxOverflowTimerList
                0x20000768        0x4 build/timers.o
 .bss.ucStaticTimerQueueStorage.1
                0x2000076c       0xa0 build/timers.o
 .bss.xActiveTimerList1
                0x2000080c       0x14 build/timers.o
 .bss.xActiveTimerList2
                0x20000820       0x14 build/timers.o
 .bss.xLastTime.2
                0x20000834        0x4 build/timers.o
 .bss.xStaticTimerQueue.0
                0x20000838       0x50 build/timers.o
 .bss.xTimerQueue
                0x20000888        0x4 build/timers.o
 .bss.xTimerTaskHandle
                0x2000088c        0x4 build/timers.o
 .bss.Idle_Stack.2
                0x20000890      0x200 build/cmsis_os2.o
 .bss.Idle_TCB.3
                0x20000a90       0x5c build/cmsis_os2.o
 .bss.KernelState
                0x20000aec        0x4 build/cmsis_os2.o
 .bss.Timer_Stack.0
                0x20000af0      0x400 build/cmsis_os2.o
 .bss.Timer_TCB.1
                0x20000ef0       0x5c build/cmsis_os2.o
 .bss.pxEnd     0x20000f4c        0x4 build/heap_4.o
 .bss.ucHeap    0x20000f50     0x3c00 build/heap_4.o
 .bss.xBlockAllocatedBit
                0x20004b50        0x4 build/heap_4.o
 .bss.xFreeBytesRemaining
                0x20004b54        0x4 build/heap_4.o
 .bss.xMinimumEverFreeBytesRemaining
                0x20004b58        0x4 build/heap_4.o
 .bss.xNumberOfSuccessfulAllocations
                0x20004b5c        0x4 build/heap_4.o
 .bss.xNumberOfSuccessfulFrees
                0x20004b60        0x4 build/heap_4.o
 .bss.xStart    0x20004b64        0x8 build/heap_4.o
 .bss.ucMaxSysCallPriority
                0x20004b6c        0x1 build/port.o
 *fill*         0x20004b6d        0x3 
 .bss.ulMaxPRIGROUPValue
                0x20004b70        0x4 build/port.o
 *(COMMON)
                0x20004b74                . = ALIGN (0x4)
                0x20004b74                _ebss = .
                0x20004b74                __bss_end__ = _ebss

._user_heap_stack
                0x20004b74      0x604
                0x20004b78                . = ALIGN (0x8)
 *fill*         0x20004b74        0x4 
                [!provide]                PROVIDE (end = .)
                0x20004b78                PROVIDE (_end = .)
                0x20004d78                . = (. + _Min_Heap_Size)
 *fill*         0x20004b78      0x200 
                0x20005178                . = (. + _Min_Stack_Size)
 *fill*         0x20004d78      0x400 
                0x20005178                . = ALIGN (0x8)

/DISCARD/
 libc.a(*)
 libm.a(*)
 libgcc.a(*)

.ARM.attributes
                0x00000000       0x30
 *(.ARM.attributes)
 .ARM.attributes
                0x00000000       0x1e d:/chain/gcc-arm-none-eabi-10.3-2021.10-win32/gcc-arm-none-eabi-10.3-2021.10/bin/../lib/gcc/arm-none-eabi/10.3.1/thumb/v7e-m+fp/hard/crti.o
 .ARM.attributes
                0x0000001e       0x34 d:/chain/gcc-arm-none-eabi-10.3-2021.10-win32/gcc-arm-none-eabi-10.3-2021.10/bin/../lib/gcc/arm-none-eabi/10.3.1/thumb/v7e-m+fp/hard/crtbegin.o
 .ARM.attributes
                0x00000052       0x34 build/main.o
 .ARM.attributes
                0x00000086       0x34 build/gpio.o
 .ARM.attributes
                0x000000ba       0x34 build/usart.o
 .ARM.attributes
                0x000000ee       0x34 build/dma.o
 .ARM.attributes
                0x00000122       0x34 build/Emm_V5.o
 .ARM.attributes
                0x00000156       0x34 build/multi_button.o
 .ARM.attributes
                0x0000018a       0x34 build/btn_task.o
 .ARM.attributes
                0x000001be       0x34 build/motor_task.o
 .ARM.attributes
                0x000001f2       0x34 build/stm32f4xx_it.o
 .ARM.attributes
                0x00000226       0x34 build/stm32f4xx_hal_msp.o
 .ARM.attributes
                0x0000025a       0x34 build/stm32f4xx_hal_tim.o
 .ARM.attributes
                0x0000028e       0x34 build/stm32f4xx_hal_tim_ex.o
 .ARM.attributes
                0x000002c2       0x34 build/stm32f4xx_hal_uart.o
 .ARM.attributes
                0x000002f6       0x34 build/stm32f4xx_hal_rcc.o
 .ARM.attributes
                0x0000032a       0x34 build/stm32f4xx_hal_gpio.o
 .ARM.attributes
                0x0000035e       0x34 build/stm32f4xx_hal_dma.o
 .ARM.attributes
                0x00000392       0x34 build/stm32f4xx_hal_pwr_ex.o
 .ARM.attributes
                0x000003c6       0x34 build/stm32f4xx_hal_cortex.o
 .ARM.attributes
                0x000003fa       0x34 build/stm32f4xx_hal.o
 .ARM.attributes
                0x0000042e       0x34 build/system_stm32f4xx.o
 .ARM.attributes
                0x00000462       0x34 build/freertos.o
 .ARM.attributes
                0x00000496       0x34 build/stm32f4xx_hal_timebase_tim.o
 .ARM.attributes
                0x000004ca       0x34 build/list.o
 .ARM.attributes
                0x000004fe       0x34 build/queue.o
 .ARM.attributes
                0x00000532       0x34 build/tasks.o
 .ARM.attributes
                0x00000566       0x34 build/timers.o
 .ARM.attributes
                0x0000059a       0x34 build/cmsis_os2.o
 .ARM.attributes
                0x000005ce       0x34 build/heap_4.o
 .ARM.attributes
                0x00000602       0x34 build/port.o
 .ARM.attributes
                0x00000636       0x21 build/startup_stm32f427xx.o
 .ARM.attributes
                0x00000657       0x34 d:/chain/gcc-arm-none-eabi-10.3-2021.10-win32/gcc-arm-none-eabi-10.3-2021.10/bin/../lib/gcc/arm-none-eabi/10.3.1/../../../../arm-none-eabi/lib/thumb/v7e-m+fp/hard\libc_nano.a(lib_a-init.o)
 .ARM.attributes
                0x0000068b       0x34 d:/chain/gcc-arm-none-eabi-10.3-2021.10-win32/gcc-arm-none-eabi-10.3-2021.10/bin/../lib/gcc/arm-none-eabi/10.3.1/../../../../arm-none-eabi/lib/thumb/v7e-m+fp/hard\libc_nano.a(lib_a-memcpy-stub.o)
 .ARM.attributes
                0x000006bf       0x34 d:/chain/gcc-arm-none-eabi-10.3-2021.10-win32/gcc-arm-none-eabi-10.3-2021.10/bin/../lib/gcc/arm-none-eabi/10.3.1/../../../../arm-none-eabi/lib/thumb/v7e-m+fp/hard\libc_nano.a(lib_a-memset.o)
 .ARM.attributes
                0x000006f3       0x1e d:/chain/gcc-arm-none-eabi-10.3-2021.10-win32/gcc-arm-none-eabi-10.3-2021.10/bin/../lib/gcc/arm-none-eabi/10.3.1/thumb/v7e-m+fp/hard\libgcc.a(_aeabi_uldivmod.o)
 .ARM.attributes
                0x00000711       0x34 d:/chain/gcc-arm-none-eabi-10.3-2021.10-win32/gcc-arm-none-eabi-10.3-2021.10/bin/../lib/gcc/arm-none-eabi/10.3.1/thumb/v7e-m+fp/hard\libgcc.a(_udivmoddi4.o)
 .ARM.attributes
                0x00000745       0x1e d:/chain/gcc-arm-none-eabi-10.3-2021.10-win32/gcc-arm-none-eabi-10.3-2021.10/bin/../lib/gcc/arm-none-eabi/10.3.1/thumb/v7e-m+fp/hard\libgcc.a(_dvmd_tls.o)
 .ARM.attributes
                0x00000763       0x1e d:/chain/gcc-arm-none-eabi-10.3-2021.10-win32/gcc-arm-none-eabi-10.3-2021.10/bin/../lib/gcc/arm-none-eabi/10.3.1/thumb/v7e-m+fp/hard/crtn.o
OUTPUT(build/btn_test.elf elf32-littlearm)
LOAD linker stubs
LOAD d:/chain/gcc-arm-none-eabi-10.3-2021.10-win32/gcc-arm-none-eabi-10.3-2021.10/bin/../lib/gcc/arm-none-eabi/10.3.1/../../../../arm-none-eabi/lib/thumb/v7e-m+fp/hard\libc.a
LOAD d:/chain/gcc-arm-none-eabi-10.3-2021.10-win32/gcc-arm-none-eabi-10.3-2021.10/bin/../lib/gcc/arm-none-eabi/10.3.1/../../../../arm-none-eabi/lib/thumb/v7e-m+fp/hard\libm.a
LOAD d:/chain/gcc-arm-none-eabi-10.3-2021.10-win32/gcc-arm-none-eabi-10.3-2021.10/bin/../lib/gcc/arm-none-eabi/10.3.1/thumb/v7e-m+fp/hard\libgcc.a

.debug_info     0x00000000    0x244af
 .debug_info    0x00000000      0xd6e build/main.o
 .debug_info    0x00000d6e      0x55a build/gpio.o
 .debug_info    0x000012c8      0xe65 build/usart.o
 .debug_info    0x0000212d      0x5ce build/dma.o
 .debug_info    0x000026fb     0x295e build/Emm_V5.o
 .debug_info    0x00005059      0x681 build/multi_button.o
 .debug_info    0x000056da      0x58c build/btn_task.o
 .debug_info    0x00005c66      0x2cc build/motor_task.o
 .debug_info    0x00005f32      0xb2f build/stm32f4xx_it.o
 .debug_info    0x00006a61      0x594 build/stm32f4xx_hal_msp.o
 .debug_info    0x00006ff5     0x40cc build/stm32f4xx_hal_tim.o
 .debug_info    0x0000b0c1     0x1c8f build/stm32f4xx_hal_tim_ex.o
 .debug_info    0x0000cd50     0x4346 build/stm32f4xx_hal_uart.o
 .debug_info    0x00011096      0xc1e build/stm32f4xx_hal_rcc.o
 .debug_info    0x00011cb4      0x86a build/stm32f4xx_hal_gpio.o
 .debug_info    0x0001251e      0xbd1 build/stm32f4xx_hal_dma.o
 .debug_info    0x000130ef      0x85e build/stm32f4xx_hal_pwr_ex.o
 .debug_info    0x0001394d     0x11f0 build/stm32f4xx_hal_cortex.o
 .debug_info    0x00014b3d      0xb49 build/stm32f4xx_hal.o
 .debug_info    0x00015686      0x5d5 build/system_stm32f4xx.o
 .debug_info    0x00015c5b      0x4a3 build/freertos.o
 .debug_info    0x000160fe      0xddb build/stm32f4xx_hal_timebase_tim.o
 .debug_info    0x00016ed9      0x30f build/list.o
 .debug_info    0x000171e8     0x2968 build/queue.o
 .debug_info    0x00019b50     0x333f build/tasks.o
 .debug_info    0x0001ce8f     0x1bd3 build/timers.o
 .debug_info    0x0001ea62     0x4e49 build/cmsis_os2.o
 .debug_info    0x000238ab      0x61a build/heap_4.o
 .debug_info    0x00023ec5      0x5c8 build/port.o
 .debug_info    0x0002448d       0x22 build/startup_stm32f427xx.o

.debug_abbrev   0x00000000     0x43bb
 .debug_abbrev  0x00000000      0x230 build/main.o
 .debug_abbrev  0x00000230      0x151 build/gpio.o
 .debug_abbrev  0x00000381      0x1fa build/usart.o
 .debug_abbrev  0x0000057b      0x129 build/dma.o
 .debug_abbrev  0x000006a4      0x244 build/Emm_V5.o
 .debug_abbrev  0x000008e8      0x29f build/multi_button.o
 .debug_abbrev  0x00000b87      0x211 build/btn_task.o
 .debug_abbrev  0x00000d98      0x129 build/motor_task.o
 .debug_abbrev  0x00000ec1      0x183 build/stm32f4xx_it.o
 .debug_abbrev  0x00001044      0x11c build/stm32f4xx_hal_msp.o
 .debug_abbrev  0x00001160      0x289 build/stm32f4xx_hal_tim.o
 .debug_abbrev  0x000013e9      0x29f build/stm32f4xx_hal_tim_ex.o
 .debug_abbrev  0x00001688      0x34d build/stm32f4xx_hal_uart.o
 .debug_abbrev  0x000019d5      0x2aa build/stm32f4xx_hal_rcc.o
 .debug_abbrev  0x00001c7f      0x22b build/stm32f4xx_hal_gpio.o
 .debug_abbrev  0x00001eaa      0x2ff build/stm32f4xx_hal_dma.o
 .debug_abbrev  0x000021a9      0x1c3 build/stm32f4xx_hal_pwr_ex.o
 .debug_abbrev  0x0000236c      0x379 build/stm32f4xx_hal_cortex.o
 .debug_abbrev  0x000026e5      0x209 build/stm32f4xx_hal.o
 .debug_abbrev  0x000028ee      0x11b build/system_stm32f4xx.o
 .debug_abbrev  0x00002a09      0x16c build/freertos.o
 .debug_abbrev  0x00002b75      0x202 build/stm32f4xx_hal_timebase_tim.o
 .debug_abbrev  0x00002d77      0x124 build/list.o
 .debug_abbrev  0x00002e9b      0x3c4 build/queue.o
 .debug_abbrev  0x0000325f      0x387 build/tasks.o
 .debug_abbrev  0x000035e6      0x366 build/timers.o
 .debug_abbrev  0x0000394c      0x56a build/cmsis_os2.o
 .debug_abbrev  0x00003eb6      0x269 build/heap_4.o
 .debug_abbrev  0x0000411f      0x28a build/port.o
 .debug_abbrev  0x000043a9       0x12 build/startup_stm32f427xx.o

.debug_loc      0x00000000    0x1faac
 .debug_loc     0x00000000       0xc8 build/main.o
 .debug_loc     0x000000c8       0x39 build/gpio.o
 .debug_loc     0x00000101       0xf5 build/usart.o
 .debug_loc     0x000001f6       0x38 build/dma.o
 .debug_loc     0x0000022e     0x3637 build/Emm_V5.o
 .debug_loc     0x00003865      0x447 build/multi_button.o
 .debug_loc     0x00003cac      0x195 build/btn_task.o
 .debug_loc     0x00003e41       0xb5 build/motor_task.o
 .debug_loc     0x00003ef6       0x80 build/stm32f4xx_it.o
 .debug_loc     0x00003f76       0x38 build/stm32f4xx_hal_msp.o
 .debug_loc     0x00003fae     0x5bd3 build/stm32f4xx_hal_tim.o
 .debug_loc     0x00009b81     0x212a build/stm32f4xx_hal_tim_ex.o
 .debug_loc     0x0000bcab     0x4d51 build/stm32f4xx_hal_uart.o
 .debug_loc     0x000109fc      0x6e4 build/stm32f4xx_hal_rcc.o
 .debug_loc     0x000110e0      0x5e8 build/stm32f4xx_hal_gpio.o
 .debug_loc     0x000116c8      0xd6d build/stm32f4xx_hal_dma.o
 .debug_loc     0x00012435      0x378 build/stm32f4xx_hal_pwr_ex.o
 .debug_loc     0x000127ad      0x7a4 build/stm32f4xx_hal_cortex.o
 .debug_loc     0x00012f51      0x1e1 build/stm32f4xx_hal.o
 .debug_loc     0x00013132       0xbe build/system_stm32f4xx.o
 .debug_loc     0x000131f0       0x65 build/freertos.o
 .debug_loc     0x00013255      0x136 build/stm32f4xx_hal_timebase_tim.o
 .debug_loc     0x0001338b       0xe5 build/list.o
 .debug_loc     0x00013470     0x1fe4 build/queue.o
 .debug_loc     0x00015454     0x2c72 build/tasks.o
 .debug_loc     0x000180c6     0x1586 build/timers.o
 .debug_loc     0x0001964c     0x5dbc build/cmsis_os2.o
 .debug_loc     0x0001f408      0x4e4 build/heap_4.o
 .debug_loc     0x0001f8ec      0x1c0 build/port.o

.debug_aranges  0x00000000     0x17b8
 .debug_aranges
                0x00000000       0x38 build/main.o
 .debug_aranges
                0x00000038       0x20 build/gpio.o
 .debug_aranges
                0x00000058       0x30 build/usart.o
 .debug_aranges
                0x00000088       0x20 build/dma.o
 .debug_aranges
                0x000000a8      0x238 build/Emm_V5.o
 .debug_aranges
                0x000002e0       0x70 build/multi_button.o
 .debug_aranges
                0x00000350       0x38 build/btn_task.o
 .debug_aranges
                0x00000388       0x28 build/motor_task.o
 .debug_aranges
                0x000003b0       0x68 build/stm32f4xx_it.o
 .debug_aranges
                0x00000418       0x20 build/stm32f4xx_hal_msp.o
 .debug_aranges
                0x00000438      0x3d0 build/stm32f4xx_hal_tim.o
 .debug_aranges
                0x00000808      0x168 build/stm32f4xx_hal_tim_ex.o
 .debug_aranges
                0x00000970      0x208 build/stm32f4xx_hal_uart.o
 .debug_aranges
                0x00000b78       0x88 build/stm32f4xx_hal_rcc.o
 .debug_aranges
                0x00000c00       0x58 build/stm32f4xx_hal_gpio.o
 .debug_aranges
                0x00000c58       0x90 build/stm32f4xx_hal_dma.o
 .debug_aranges
                0x00000ce8       0x60 build/stm32f4xx_hal_pwr_ex.o
 .debug_aranges
                0x00000d48       0xc0 build/stm32f4xx_hal_cortex.o
 .debug_aranges
                0x00000e08      0x100 build/stm32f4xx_hal.o
 .debug_aranges
                0x00000f08       0x28 build/system_stm32f4xx.o
 .debug_aranges
                0x00000f30       0x28 build/freertos.o
 .debug_aranges
                0x00000f58       0x30 build/stm32f4xx_hal_timebase_tim.o
 .debug_aranges
                0x00000f88       0x40 build/list.o
 .debug_aranges
                0x00000fc8      0x158 build/queue.o
 .debug_aranges
                0x00001120      0x208 build/tasks.o
 .debug_aranges
                0x00001328       0xf0 build/timers.o
 .debug_aranges
                0x00001418      0x2a0 build/cmsis_os2.o
 .debug_aranges
                0x000016b8       0x58 build/heap_4.o
 .debug_aranges
                0x00001710       0x80 build/port.o
 .debug_aranges
                0x00001790       0x28 build/startup_stm32f427xx.o

.debug_ranges   0x00000000     0x1898
 .debug_ranges  0x00000000       0x28 build/main.o
 .debug_ranges  0x00000028       0x10 build/gpio.o
 .debug_ranges  0x00000038       0x20 build/usart.o
 .debug_ranges  0x00000058       0x10 build/dma.o
 .debug_ranges  0x00000068      0x228 build/Emm_V5.o
 .debug_ranges  0x00000290       0x60 build/multi_button.o
 .debug_ranges  0x000002f0       0x28 build/btn_task.o
 .debug_ranges  0x00000318       0x18 build/motor_task.o
 .debug_ranges  0x00000330       0x58 build/stm32f4xx_it.o
 .debug_ranges  0x00000388       0x10 build/stm32f4xx_hal_msp.o
 .debug_ranges  0x00000398      0x3c0 build/stm32f4xx_hal_tim.o
 .debug_ranges  0x00000758      0x158 build/stm32f4xx_hal_tim_ex.o
 .debug_ranges  0x000008b0      0x1f8 build/stm32f4xx_hal_uart.o
 .debug_ranges  0x00000aa8       0x90 build/stm32f4xx_hal_rcc.o
 .debug_ranges  0x00000b38       0x48 build/stm32f4xx_hal_gpio.o
 .debug_ranges  0x00000b80       0x80 build/stm32f4xx_hal_dma.o
 .debug_ranges  0x00000c00       0x50 build/stm32f4xx_hal_pwr_ex.o
 .debug_ranges  0x00000c50      0x110 build/stm32f4xx_hal_cortex.o
 .debug_ranges  0x00000d60       0xf0 build/stm32f4xx_hal.o
 .debug_ranges  0x00000e50       0x18 build/system_stm32f4xx.o
 .debug_ranges  0x00000e68       0x18 build/freertos.o
 .debug_ranges  0x00000e80       0x20 build/stm32f4xx_hal_timebase_tim.o
 .debug_ranges  0x00000ea0       0x30 build/list.o
 .debug_ranges  0x00000ed0      0x218 build/queue.o
 .debug_ranges  0x000010e8      0x338 build/tasks.o
 .debug_ranges  0x00001420       0xe0 build/timers.o
 .debug_ranges  0x00001500      0x2a8 build/cmsis_os2.o
 .debug_ranges  0x000017a8       0x48 build/heap_4.o
 .debug_ranges  0x000017f0       0x88 build/port.o
 .debug_ranges  0x00001878       0x20 build/startup_stm32f427xx.o

.debug_line     0x00000000    0x1c3f7
 .debug_line    0x00000000      0x416 build/main.o
 .debug_line    0x00000416      0x22b build/gpio.o
 .debug_line    0x00000641      0x3df build/usart.o
 .debug_line    0x00000a20      0x1b9 build/dma.o
 .debug_line    0x00000bd9     0x2649 build/Emm_V5.o
 .debug_line    0x00003222      0x720 build/multi_button.o
 .debug_line    0x00003942      0x2cd build/btn_task.o
 .debug_line    0x00003c0f      0x1ea build/motor_task.o
 .debug_line    0x00003df9      0x316 build/stm32f4xx_it.o
 .debug_line    0x0000410f      0x1cb build/stm32f4xx_hal_msp.o
 .debug_line    0x000042da     0x4afe build/stm32f4xx_hal_tim.o
 .debug_line    0x00008dd8     0x1ce4 build/stm32f4xx_hal_tim_ex.o
 .debug_line    0x0000aabc     0x432e build/stm32f4xx_hal_uart.o
 .debug_line    0x0000edea      0xb7c build/stm32f4xx_hal_rcc.o
 .debug_line    0x0000f966      0x72a build/stm32f4xx_hal_gpio.o
 .debug_line    0x00010090      0xe59 build/stm32f4xx_hal_dma.o
 .debug_line    0x00010ee9      0x4e6 build/stm32f4xx_hal_pwr_ex.o
 .debug_line    0x000113cf      0x7e0 build/stm32f4xx_hal_cortex.o
 .debug_line    0x00011baf      0x5d1 build/stm32f4xx_hal.o
 .debug_line    0x00012180      0x284 build/system_stm32f4xx.o
 .debug_line    0x00012404      0x1e2 build/freertos.o
 .debug_line    0x000125e6      0x31f build/stm32f4xx_hal_timebase_tim.o
 .debug_line    0x00012905      0x38d build/list.o
 .debug_line    0x00012c92     0x2098 build/queue.o
 .debug_line    0x00014d2a     0x2e02 build/tasks.o
 .debug_line    0x00017b2c      0xf6e build/timers.o
 .debug_line    0x00018a9a     0x2a29 build/cmsis_os2.o
 .debug_line    0x0001b4c3      0x780 build/heap_4.o
 .debug_line    0x0001bc43      0x73e build/port.o
 .debug_line    0x0001c381       0x76 build/startup_stm32f427xx.o

.debug_str      0x00000000     0x7c56
 .debug_str     0x00000000      0x977 build/main.o
                                0xa3f (size before relaxing)
 .debug_str     0x00000977       0xbf build/gpio.o
                                0x369 (size before relaxing)
 .debug_str     0x00000a36      0x7f4 build/usart.o
                                0xdd2 (size before relaxing)
 .debug_str     0x0000122a        0xf build/dma.o
                                0x80d (size before relaxing)
 .debug_str     0x00001239      0x815 build/Emm_V5.o
                                0xe1c (size before relaxing)
 .debug_str     0x00001a4e      0x25f build/multi_button.o
                                0x42f (size before relaxing)
 .debug_str     0x00001cad       0xbe build/btn_task.o
                                0x3df (size before relaxing)
 .debug_str     0x00001d6b       0x6e build/motor_task.o
                                0x256 (size before relaxing)
 .debug_str     0x00001dd9      0x10f build/stm32f4xx_it.o
                                0x9f1 (size before relaxing)
 .debug_str     0x00001ee8       0x29 build/stm32f4xx_hal_msp.o
                                0x808 (size before relaxing)
 .debug_str     0x00001f11      0xf2a build/stm32f4xx_hal_tim.o
                               0x16ae (size before relaxing)
 .debug_str     0x00002e3b      0x591 build/stm32f4xx_hal_tim_ex.o
                                0xe9f (size before relaxing)
 .debug_str     0x000033cc      0x66c build/stm32f4xx_hal_uart.o
                                0xd80 (size before relaxing)
 .debug_str     0x00003a38      0x1c8 build/stm32f4xx_hal_rcc.o
                                0x6fe (size before relaxing)
 .debug_str     0x00003c00      0x101 build/stm32f4xx_hal_gpio.o
                                0x4d8 (size before relaxing)
 .debug_str     0x00003d01      0x290 build/stm32f4xx_hal_dma.o
                                0x75b (size before relaxing)
 .debug_str     0x00003f91      0x18f build/stm32f4xx_hal_pwr_ex.o
                                0x4c3 (size before relaxing)
 .debug_str     0x00004120      0x4af build/stm32f4xx_hal_cortex.o
                                0xca7 (size before relaxing)
 .debug_str     0x000045cf      0x2d0 build/stm32f4xx_hal.o
                                0xbda (size before relaxing)
 .debug_str     0x0000489f       0x47 build/system_stm32f4xx.o
                                0x36d (size before relaxing)
 .debug_str     0x000048e6      0x50e build/freertos.o
                                0x6e1 (size before relaxing)
 .debug_str     0x00004df4       0x5c build/stm32f4xx_hal_timebase_tim.o
                                0xea7 (size before relaxing)
 .debug_str     0x00004e50      0x14d build/list.o
                                0x2e7 (size before relaxing)
 .debug_str     0x00004f9d      0xa2a build/queue.o
                                0xcfd (size before relaxing)
 .debug_str     0x000059c7      0xc95 build/tasks.o
                               0x12cc (size before relaxing)
 .debug_str     0x0000665c      0x5d8 build/timers.o
                                0xc2d (size before relaxing)
 .debug_str     0x00006c34      0xbc2 build/cmsis_os2.o
                               0x2187 (size before relaxing)
 .debug_str     0x000077f6      0x2bf build/heap_4.o
                                0x4f5 (size before relaxing)
 .debug_str     0x00007ab5      0x17d build/port.o
                                0x467 (size before relaxing)
 .debug_str     0x00007c32       0x24 build/startup_stm32f427xx.o
                                 0x4f (size before relaxing)

.comment        0x00000000       0x49
 .comment       0x00000000       0x49 build/main.o
                                 0x4a (size before relaxing)
 .comment       0x00000049       0x4a build/gpio.o
 .comment       0x00000049       0x4a build/usart.o
 .comment       0x00000049       0x4a build/dma.o
 .comment       0x00000049       0x4a build/Emm_V5.o
 .comment       0x00000049       0x4a build/multi_button.o
 .comment       0x00000049       0x4a build/btn_task.o
 .comment       0x00000049       0x4a build/motor_task.o
 .comment       0x00000049       0x4a build/stm32f4xx_it.o
 .comment       0x00000049       0x4a build/stm32f4xx_hal_msp.o
 .comment       0x00000049       0x4a build/stm32f4xx_hal_tim.o
 .comment       0x00000049       0x4a build/stm32f4xx_hal_tim_ex.o
 .comment       0x00000049       0x4a build/stm32f4xx_hal_uart.o
 .comment       0x00000049       0x4a build/stm32f4xx_hal_rcc.o
 .comment       0x00000049       0x4a build/stm32f4xx_hal_gpio.o
 .comment       0x00000049       0x4a build/stm32f4xx_hal_dma.o
 .comment       0x00000049       0x4a build/stm32f4xx_hal_pwr_ex.o
 .comment       0x00000049       0x4a build/stm32f4xx_hal_cortex.o
 .comment       0x00000049       0x4a build/stm32f4xx_hal.o
 .comment       0x00000049       0x4a build/system_stm32f4xx.o
 .comment       0x00000049       0x4a build/freertos.o
 .comment       0x00000049       0x4a build/stm32f4xx_hal_timebase_tim.o
 .comment       0x00000049       0x4a build/list.o
 .comment       0x00000049       0x4a build/queue.o
 .comment       0x00000049       0x4a build/tasks.o
 .comment       0x00000049       0x4a build/timers.o
 .comment       0x00000049       0x4a build/cmsis_os2.o
 .comment       0x00000049       0x4a build/heap_4.o
 .comment       0x00000049       0x4a build/port.o

.debug_frame    0x00000000     0x4294
 .debug_frame   0x00000000       0x70 build/main.o
 .debug_frame   0x00000070       0x34 build/gpio.o
 .debug_frame   0x000000a4       0x64 build/usart.o
 .debug_frame   0x00000108       0x30 build/dma.o
 .debug_frame   0x00000138      0x6a8 build/Emm_V5.o
 .debug_frame   0x000007e0       0xec build/multi_button.o
 .debug_frame   0x000008cc       0x70 build/btn_task.o
 .debug_frame   0x0000093c       0x40 build/motor_task.o
 .debug_frame   0x0000097c       0xd0 build/stm32f4xx_it.o
 .debug_frame   0x00000a4c       0x2c build/stm32f4xx_hal_msp.o
 .debug_frame   0x00000a78      0xb10 build/stm32f4xx_hal_tim.o
 .debug_frame   0x00001588      0x40c build/stm32f4xx_hal_tim_ex.o
 .debug_frame   0x00001994      0x5e8 build/stm32f4xx_hal_uart.o
 .debug_frame   0x00001f7c      0x16c build/stm32f4xx_hal_rcc.o
 .debug_frame   0x000020e8       0xd8 build/stm32f4xx_hal_gpio.o
 .debug_frame   0x000021c0      0x188 build/stm32f4xx_hal_dma.o
 .debug_frame   0x00002348       0xf4 build/stm32f4xx_hal_pwr_ex.o
 .debug_frame   0x0000243c      0x178 build/stm32f4xx_hal_cortex.o
 .debug_frame   0x000025b4      0x20c build/stm32f4xx_hal.o
 .debug_frame   0x000027c0       0x30 build/system_stm32f4xx.o
 .debug_frame   0x000027f0       0x40 build/freertos.o
 .debug_frame   0x00002830       0x54 build/stm32f4xx_hal_timebase_tim.o
 .debug_frame   0x00002884       0x70 build/list.o
 .debug_frame   0x000028f4      0x458 build/queue.o
 .debug_frame   0x00002d4c      0x688 build/tasks.o
 .debug_frame   0x000033d4      0x30c build/timers.o
 .debug_frame   0x000036e0      0x900 build/cmsis_os2.o
 .debug_frame   0x00003fe0       0xd0 build/heap_4.o
 .debug_frame   0x000040b0      0x110 build/port.o
 .debug_frame   0x000041c0       0x2c d:/chain/gcc-arm-none-eabi-10.3-2021.10-win32/gcc-arm-none-eabi-10.3-2021.10/bin/../lib/gcc/arm-none-eabi/10.3.1/../../../../arm-none-eabi/lib/thumb/v7e-m+fp/hard\libc_nano.a(lib_a-init.o)
 .debug_frame   0x000041ec       0x28 d:/chain/gcc-arm-none-eabi-10.3-2021.10-win32/gcc-arm-none-eabi-10.3-2021.10/bin/../lib/gcc/arm-none-eabi/10.3.1/../../../../arm-none-eabi/lib/thumb/v7e-m+fp/hard\libc_nano.a(lib_a-memcpy-stub.o)
 .debug_frame   0x00004214       0x20 d:/chain/gcc-arm-none-eabi-10.3-2021.10-win32/gcc-arm-none-eabi-10.3-2021.10/bin/../lib/gcc/arm-none-eabi/10.3.1/../../../../arm-none-eabi/lib/thumb/v7e-m+fp/hard\libc_nano.a(lib_a-memset.o)
 .debug_frame   0x00004234       0x2c d:/chain/gcc-arm-none-eabi-10.3-2021.10-win32/gcc-arm-none-eabi-10.3-2021.10/bin/../lib/gcc/arm-none-eabi/10.3.1/thumb/v7e-m+fp/hard\libgcc.a(_aeabi_uldivmod.o)
 .debug_frame   0x00004260       0x34 d:/chain/gcc-arm-none-eabi-10.3-2021.10-win32/gcc-arm-none-eabi-10.3-2021.10/bin/../lib/gcc/arm-none-eabi/10.3.1/thumb/v7e-m+fp/hard\libgcc.a(_udivmoddi4.o)

Cross Reference Table

Symbol                                            File
ADC_IRQHandler                                    build/startup_stm32f427xx.o
AHBPrescTable                                     build/system_stm32f4xx.o
                                                  build/stm32f4xx_hal_rcc.o
APBPrescTable                                     build/system_stm32f4xx.o
                                                  build/stm32f4xx_hal_rcc.o
BtnQueueHandle                                    build/freertos.o
                                                  build/motor_task.o
                                                  build/btn_task.o
BtnQueue_attributes                               build/freertos.o
BtnTaskHandle                                     build/freertos.o
BtnTask_attributes                                build/freertos.o
Btn_Msg_Send                                      build/btn_task.o
BusFault_Handler                                  build/stm32f4xx_it.o
CAN1_RX0_IRQHandler                               build/startup_stm32f427xx.o
CAN1_RX1_IRQHandler                               build/startup_stm32f427xx.o
CAN1_SCE_IRQHandler                               build/startup_stm32f427xx.o
CAN1_TX_IRQHandler                                build/startup_stm32f427xx.o
CAN2_RX0_IRQHandler                               build/startup_stm32f427xx.o
CAN2_RX1_IRQHandler                               build/startup_stm32f427xx.o
CAN2_SCE_IRQHandler                               build/startup_stm32f427xx.o
CAN2_TX_IRQHandler                                build/startup_stm32f427xx.o
DCMI_IRQHandler                                   build/startup_stm32f427xx.o
DMA1_Stream0_IRQHandler                           build/startup_stm32f427xx.o
DMA1_Stream1_IRQHandler                           build/startup_stm32f427xx.o
DMA1_Stream2_IRQHandler                           build/startup_stm32f427xx.o
DMA1_Stream3_IRQHandler                           build/startup_stm32f427xx.o
DMA1_Stream4_IRQHandler                           build/startup_stm32f427xx.o
DMA1_Stream5_IRQHandler                           build/startup_stm32f427xx.o
DMA1_Stream6_IRQHandler                           build/startup_stm32f427xx.o
DMA1_Stream7_IRQHandler                           build/startup_stm32f427xx.o
DMA2D_IRQHandler                                  build/startup_stm32f427xx.o
DMA2_Stream0_IRQHandler                           build/startup_stm32f427xx.o
DMA2_Stream1_IRQHandler                           build/stm32f4xx_it.o
DMA2_Stream2_IRQHandler                           build/startup_stm32f427xx.o
DMA2_Stream3_IRQHandler                           build/startup_stm32f427xx.o
DMA2_Stream4_IRQHandler                           build/startup_stm32f427xx.o
DMA2_Stream5_IRQHandler                           build/startup_stm32f427xx.o
DMA2_Stream6_IRQHandler                           build/stm32f4xx_it.o
DMA2_Stream7_IRQHandler                           build/startup_stm32f427xx.o
DebugMon_Handler                                  build/stm32f4xx_it.o
Default_Handler                                   build/startup_stm32f427xx.o
ETH_IRQHandler                                    build/startup_stm32f427xx.o
ETH_WKUP_IRQHandler                               build/startup_stm32f427xx.o
EXTI0_IRQHandler                                  build/startup_stm32f427xx.o
EXTI15_10_IRQHandler                              build/startup_stm32f427xx.o
EXTI1_IRQHandler                                  build/startup_stm32f427xx.o
EXTI2_IRQHandler                                  build/startup_stm32f427xx.o
EXTI3_IRQHandler                                  build/startup_stm32f427xx.o
EXTI4_IRQHandler                                  build/startup_stm32f427xx.o
EXTI9_5_IRQHandler                                build/startup_stm32f427xx.o
Emm_V5_Auto_Return_Sys_Params_Timed               build/Emm_V5.o
Emm_V5_En_Control                                 build/Emm_V5.o
                                                  build/motor_task.o
                                                  build/gimbal.o
Emm_V5_MMCL_Auto_Return_Sys_Params_Timed          build/Emm_V5.o
Emm_V5_MMCL_En_Control                            build/Emm_V5.o
Emm_V5_MMCL_Origin_Interrupt                      build/Emm_V5.o
Emm_V5_MMCL_Origin_Modify_Params                  build/Emm_V5.o
Emm_V5_MMCL_Origin_Set_O                          build/Emm_V5.o
Emm_V5_MMCL_Origin_Trigger_Return                 build/Emm_V5.o
Emm_V5_MMCL_Pos_Control                           build/Emm_V5.o
Emm_V5_MMCL_QPos_Control                          build/Emm_V5.o
Emm_V5_MMCL_Read_Sys_Params                       build/Emm_V5.o
Emm_V5_MMCL_Reset_Clog_Pro                        build/Emm_V5.o
Emm_V5_MMCL_Reset_CurPos_To_Zero                  build/Emm_V5.o
Emm_V5_MMCL_Reset_Motor                           build/Emm_V5.o
Emm_V5_MMCL_Restore_Motor                         build/Emm_V5.o
Emm_V5_MMCL_Set_QPos_Params                       build/Emm_V5.o
Emm_V5_MMCL_Stop_Now                              build/Emm_V5.o
Emm_V5_MMCL_Synchronous_motion                    build/Emm_V5.o
Emm_V5_MMCL_Trig_Encoder_Cal                      build/Emm_V5.o
Emm_V5_MMCL_Vel_Control                           build/Emm_V5.o
Emm_V5_Modify_Ctrl_Mode                           build/Emm_V5.o
Emm_V5_Modify_DMX512_Params                       build/Emm_V5.o
Emm_V5_Modify_FOC_mA                              build/Emm_V5.o
Emm_V5_Modify_Firmware_Type                       build/Emm_V5.o
Emm_V5_Modify_Heart_Protect                       build/Emm_V5.o
Emm_V5_Modify_Integral_Limit                      build/Emm_V5.o
Emm_V5_Modify_Lock_Btn                            build/Emm_V5.o
Emm_V5_Modify_MicroStep                           build/Emm_V5.o
Emm_V5_Modify_Motor_Dir                           build/Emm_V5.o
Emm_V5_Modify_Motor_ID                            build/Emm_V5.o
Emm_V5_Modify_Motor_Type                          build/Emm_V5.o
Emm_V5_Modify_OM_mA                               build/Emm_V5.o
Emm_V5_Modify_Otocp                               build/Emm_V5.o
Emm_V5_Modify_PDFlag                              build/Emm_V5.o
Emm_V5_Modify_PID_Params                          build/Emm_V5.o
Emm_V5_Modify_Pos_Window                          build/Emm_V5.o
Emm_V5_Modify_S_Vel                               build/Emm_V5.o
Emm_V5_Multi_Motor_Cmd                            build/Emm_V5.o
Emm_V5_Origin_Interrupt                           build/Emm_V5.o
Emm_V5_Origin_Modify_Params                       build/Emm_V5.o
Emm_V5_Origin_Read_Params                         build/Emm_V5.o
Emm_V5_Origin_Set_O                               build/Emm_V5.o
Emm_V5_Origin_Trigger_Return                      build/Emm_V5.o
Emm_V5_Pos_Control                                build/Emm_V5.o
Emm_V5_QPos_Control                               build/Emm_V5.o
Emm_V5_Read_DMX512_Params                         build/Emm_V5.o
Emm_V5_Read_Heart_Protect                         build/Emm_V5.o
Emm_V5_Read_Integral_Limit                        build/Emm_V5.o
Emm_V5_Read_Motor_Conf_Params                     build/Emm_V5.o
Emm_V5_Read_Opt_Param_Sta                         build/Emm_V5.o
Emm_V5_Read_Otocp                                 build/Emm_V5.o
Emm_V5_Read_PID_Params                            build/Emm_V5.o
Emm_V5_Read_Pos_Window                            build/Emm_V5.o
Emm_V5_Read_Sys_Params                            build/Emm_V5.o
Emm_V5_Read_System_State_Params                   build/Emm_V5.o
Emm_V5_Reset_Clog_Pro                             build/Emm_V5.o
Emm_V5_Reset_CurPos_To_Zero                       build/Emm_V5.o
Emm_V5_Reset_Motor                                build/Emm_V5.o
Emm_V5_Restore_Motor                              build/Emm_V5.o
Emm_V5_Set_QPos_Params                            build/Emm_V5.o
Emm_V5_Stop_Now                                   build/Emm_V5.o
                                                  build/gimbal.o
Emm_V5_Synchronous_motion                         build/Emm_V5.o
Emm_V5_Trig_Encoder_Cal                           build/Emm_V5.o
Emm_V5_Vel_Control                                build/Emm_V5.o
                                                  build/gimbal.o
Error_Handler                                     build/main.o
                                                  build/usart.o
FLASH_Erase_Sector                                build/stm32f4xx_hal_flash_ex.o
                                                  build/stm32f4xx_hal_flash.o
FLASH_FlushCaches                                 build/stm32f4xx_hal_flash_ex.o
                                                  build/stm32f4xx_hal_flash.o
FLASH_IRQHandler                                  build/startup_stm32f427xx.o
FLASH_WaitForLastOperation                        build/stm32f4xx_hal_flash.o
                                                  build/stm32f4xx_hal_flash_ex.o
FMC_IRQHandler                                    build/startup_stm32f427xx.o
FPU_IRQHandler                                    build/startup_stm32f427xx.o
Gimbal_Init                                       build/gimbal.o
Gimbal_Move                                       build/gimbal.o
Gimbal_Pitch                                      build/gimbal.o
Gimbal_Stop                                       build/gimbal.o
Gimbal_Yaw                                        build/gimbal.o
HAL_CORTEX_ClearEvent                             build/stm32f4xx_hal_cortex.o
HAL_DBGMCU_DisableDBGSleepMode                    build/stm32f4xx_hal.o
HAL_DBGMCU_DisableDBGStandbyMode                  build/stm32f4xx_hal.o
HAL_DBGMCU_DisableDBGStopMode                     build/stm32f4xx_hal.o
HAL_DBGMCU_EnableDBGSleepMode                     build/stm32f4xx_hal.o
HAL_DBGMCU_EnableDBGStandbyMode                   build/stm32f4xx_hal.o
HAL_DBGMCU_EnableDBGStopMode                      build/stm32f4xx_hal.o
HAL_DMAEx_ChangeMemory                            build/stm32f4xx_hal_dma_ex.o
HAL_DMAEx_MultiBufferStart                        build/stm32f4xx_hal_dma_ex.o
HAL_DMAEx_MultiBufferStart_IT                     build/stm32f4xx_hal_dma_ex.o
HAL_DMA_Abort                                     build/stm32f4xx_hal_dma.o
                                                  build/stm32f4xx_hal_uart.o
HAL_DMA_Abort_IT                                  build/stm32f4xx_hal_dma.o
                                                  build/stm32f4xx_hal_uart.o
                                                  build/stm32f4xx_hal_tim_ex.o
                                                  build/stm32f4xx_hal_tim.o
HAL_DMA_DeInit                                    build/stm32f4xx_hal_dma.o
                                                  build/usart.o
HAL_DMA_GetError                                  build/stm32f4xx_hal_dma.o
                                                  build/stm32f4xx_hal_uart.o
HAL_DMA_GetState                                  build/stm32f4xx_hal_dma.o
HAL_DMA_IRQHandler                                build/stm32f4xx_hal_dma.o
                                                  build/stm32f4xx_it.o
HAL_DMA_Init                                      build/stm32f4xx_hal_dma.o
                                                  build/usart.o
HAL_DMA_PollForTransfer                           build/stm32f4xx_hal_dma.o
HAL_DMA_RegisterCallback                          build/stm32f4xx_hal_dma.o
HAL_DMA_Start                                     build/stm32f4xx_hal_dma.o
HAL_DMA_Start_IT                                  build/stm32f4xx_hal_dma.o
                                                  build/stm32f4xx_hal_uart.o
                                                  build/stm32f4xx_hal_tim_ex.o
                                                  build/stm32f4xx_hal_tim.o
HAL_DMA_UnRegisterCallback                        build/stm32f4xx_hal_dma.o
HAL_DeInit                                        build/stm32f4xx_hal.o
HAL_Delay                                         build/stm32f4xx_hal.o
                                                  build/main.o
HAL_DisableCompensationCell                       build/stm32f4xx_hal.o
HAL_DisableMemorySwappingBank                     build/stm32f4xx_hal.o
HAL_EXTI_ClearConfigLine                          build/stm32f4xx_hal_exti.o
HAL_EXTI_ClearPending                             build/stm32f4xx_hal_exti.o
HAL_EXTI_GenerateSWI                              build/stm32f4xx_hal_exti.o
HAL_EXTI_GetConfigLine                            build/stm32f4xx_hal_exti.o
HAL_EXTI_GetHandle                                build/stm32f4xx_hal_exti.o
HAL_EXTI_GetPending                               build/stm32f4xx_hal_exti.o
HAL_EXTI_IRQHandler                               build/stm32f4xx_hal_exti.o
HAL_EXTI_RegisterCallback                         build/stm32f4xx_hal_exti.o
HAL_EXTI_SetConfigLine                            build/stm32f4xx_hal_exti.o
HAL_EnableCompensationCell                        build/stm32f4xx_hal.o
HAL_EnableMemorySwappingBank                      build/stm32f4xx_hal.o
HAL_FLASHEx_AdvOBGetConfig                        build/stm32f4xx_hal_flash_ex.o
HAL_FLASHEx_AdvOBProgram                          build/stm32f4xx_hal_flash_ex.o
HAL_FLASHEx_Erase                                 build/stm32f4xx_hal_flash_ex.o
HAL_FLASHEx_Erase_IT                              build/stm32f4xx_hal_flash_ex.o
HAL_FLASHEx_OBGetConfig                           build/stm32f4xx_hal_flash_ex.o
HAL_FLASHEx_OBProgram                             build/stm32f4xx_hal_flash_ex.o
HAL_FLASHEx_OB_DeSelectPCROP                      build/stm32f4xx_hal_flash_ex.o
HAL_FLASHEx_OB_GetBank2WRP                        build/stm32f4xx_hal_flash_ex.o
HAL_FLASHEx_OB_SelectPCROP                        build/stm32f4xx_hal_flash_ex.o
HAL_FLASH_EndOfOperationCallback                  build/stm32f4xx_hal_flash.o
HAL_FLASH_GetError                                build/stm32f4xx_hal_flash.o
HAL_FLASH_IRQHandler                              build/stm32f4xx_hal_flash.o
HAL_FLASH_Lock                                    build/stm32f4xx_hal_flash.o
HAL_FLASH_OB_Launch                               build/stm32f4xx_hal_flash.o
HAL_FLASH_OB_Lock                                 build/stm32f4xx_hal_flash.o
HAL_FLASH_OB_Unlock                               build/stm32f4xx_hal_flash.o
HAL_FLASH_OperationErrorCallback                  build/stm32f4xx_hal_flash.o
HAL_FLASH_Program                                 build/stm32f4xx_hal_flash.o
HAL_FLASH_Program_IT                              build/stm32f4xx_hal_flash.o
HAL_FLASH_Unlock                                  build/stm32f4xx_hal_flash.o
HAL_GPIO_DeInit                                   build/stm32f4xx_hal_gpio.o
                                                  build/usart.o
HAL_GPIO_EXTI_Callback                            build/stm32f4xx_hal_gpio.o
HAL_GPIO_EXTI_IRQHandler                          build/stm32f4xx_hal_gpio.o
HAL_GPIO_Init                                     build/stm32f4xx_hal_gpio.o
                                                  build/stm32f4xx_hal_rcc.o
                                                  build/usart.o
                                                  build/gpio.o
HAL_GPIO_LockPin                                  build/stm32f4xx_hal_gpio.o
HAL_GPIO_ReadPin                                  build/stm32f4xx_hal_gpio.o
                                                  build/btn_task.o
HAL_GPIO_TogglePin                                build/stm32f4xx_hal_gpio.o
                                                  build/btn_task.o
HAL_GPIO_WritePin                                 build/stm32f4xx_hal_gpio.o
                                                  build/gpio.o
HAL_GetDEVID                                      build/stm32f4xx_hal.o
HAL_GetHalVersion                                 build/stm32f4xx_hal.o
HAL_GetREVID                                      build/stm32f4xx_hal.o
HAL_GetTick                                       build/stm32f4xx_hal.o
                                                  build/stm32f4xx_hal_pwr_ex.o
                                                  build/stm32f4xx_hal_dma.o
                                                  build/stm32f4xx_hal_flash.o
                                                  build/stm32f4xx_hal_rcc_ex.o
                                                  build/stm32f4xx_hal_rcc.o
                                                  build/stm32f4xx_hal_uart.o
HAL_GetTickFreq                                   build/stm32f4xx_hal.o
HAL_GetTickPrio                                   build/stm32f4xx_hal.o
HAL_GetUIDw0                                      build/stm32f4xx_hal.o
HAL_GetUIDw1                                      build/stm32f4xx_hal.o
HAL_GetUIDw2                                      build/stm32f4xx_hal.o
HAL_HalfDuplex_EnableReceiver                     build/stm32f4xx_hal_uart.o
HAL_HalfDuplex_EnableTransmitter                  build/stm32f4xx_hal_uart.o
HAL_HalfDuplex_Init                               build/stm32f4xx_hal_uart.o
HAL_IncTick                                       build/stm32f4xx_hal.o
                                                  build/main.o
HAL_Init                                          build/stm32f4xx_hal.o
                                                  build/main.o
HAL_InitTick                                      build/stm32f4xx_hal_timebase_tim.o
                                                  build/stm32f4xx_hal.o
                                                  build/stm32f4xx_hal_rcc_ex.o
                                                  build/stm32f4xx_hal_rcc.o
HAL_LIN_Init                                      build/stm32f4xx_hal_uart.o
HAL_LIN_SendBreak                                 build/stm32f4xx_hal_uart.o
HAL_MPU_ConfigRegion                              build/stm32f4xx_hal_cortex.o
HAL_MPU_Disable                                   build/stm32f4xx_hal_cortex.o
HAL_MPU_DisableRegion                             build/stm32f4xx_hal_cortex.o
HAL_MPU_Enable                                    build/stm32f4xx_hal_cortex.o
HAL_MPU_EnableRegion                              build/stm32f4xx_hal_cortex.o
HAL_MspDeInit                                     build/stm32f4xx_hal.o
HAL_MspInit                                       build/stm32f4xx_hal_msp.o
HAL_MultiProcessor_EnterMuteMode                  build/stm32f4xx_hal_uart.o
HAL_MultiProcessor_ExitMuteMode                   build/stm32f4xx_hal_uart.o
HAL_MultiProcessor_Init                           build/stm32f4xx_hal_uart.o
HAL_NVIC_ClearPendingIRQ                          build/stm32f4xx_hal_cortex.o
HAL_NVIC_DisableIRQ                               build/stm32f4xx_hal_cortex.o
                                                  build/usart.o
HAL_NVIC_EnableIRQ                                build/stm32f4xx_hal_cortex.o
                                                  build/stm32f4xx_hal_timebase_tim.o
                                                  build/dma.o
                                                  build/usart.o
HAL_NVIC_GetActive                                build/stm32f4xx_hal_cortex.o
HAL_NVIC_GetPendingIRQ                            build/stm32f4xx_hal_cortex.o
HAL_NVIC_GetPriority                              build/stm32f4xx_hal_cortex.o
HAL_NVIC_GetPriorityGrouping                      build/stm32f4xx_hal_cortex.o
HAL_NVIC_SetPendingIRQ                            build/stm32f4xx_hal_cortex.o
HAL_NVIC_SetPriority                              build/stm32f4xx_hal_cortex.o
                                                  build/stm32f4xx_hal_timebase_tim.o
                                                  build/stm32f4xx_hal.o
                                                  build/stm32f4xx_hal_msp.o
                                                  build/dma.o
                                                  build/usart.o
HAL_NVIC_SetPriorityGrouping                      build/stm32f4xx_hal_cortex.o
                                                  build/stm32f4xx_hal.o
HAL_NVIC_SystemReset                              build/stm32f4xx_hal_cortex.o
HAL_PWREx_ControlVoltageScaling                   build/stm32f4xx_hal_pwr_ex.o
HAL_PWREx_DisableBkUpReg                          build/stm32f4xx_hal_pwr_ex.o
HAL_PWREx_DisableFlashPowerDown                   build/stm32f4xx_hal_pwr_ex.o
HAL_PWREx_DisableOverDrive                        build/stm32f4xx_hal_pwr_ex.o
HAL_PWREx_EnableBkUpReg                           build/stm32f4xx_hal_pwr_ex.o
HAL_PWREx_EnableFlashPowerDown                    build/stm32f4xx_hal_pwr_ex.o
HAL_PWREx_EnableOverDrive                         build/stm32f4xx_hal_pwr_ex.o
                                                  build/main.o
HAL_PWREx_EnterUnderDriveSTOPMode                 build/stm32f4xx_hal_pwr_ex.o
HAL_PWREx_GetVoltageRange                         build/stm32f4xx_hal_pwr_ex.o
HAL_PWR_ConfigPVD                                 build/stm32f4xx_hal_pwr.o
HAL_PWR_DeInit                                    build/stm32f4xx_hal_pwr.o
HAL_PWR_DisableBkUpAccess                         build/stm32f4xx_hal_pwr.o
HAL_PWR_DisablePVD                                build/stm32f4xx_hal_pwr.o
HAL_PWR_DisableSEVOnPend                          build/stm32f4xx_hal_pwr.o
HAL_PWR_DisableSleepOnExit                        build/stm32f4xx_hal_pwr.o
HAL_PWR_DisableWakeUpPin                          build/stm32f4xx_hal_pwr.o
HAL_PWR_EnableBkUpAccess                          build/stm32f4xx_hal_pwr.o
HAL_PWR_EnablePVD                                 build/stm32f4xx_hal_pwr.o
HAL_PWR_EnableSEVOnPend                           build/stm32f4xx_hal_pwr.o
HAL_PWR_EnableSleepOnExit                         build/stm32f4xx_hal_pwr.o
HAL_PWR_EnableWakeUpPin                           build/stm32f4xx_hal_pwr.o
HAL_PWR_EnterSLEEPMode                            build/stm32f4xx_hal_pwr.o
HAL_PWR_EnterSTANDBYMode                          build/stm32f4xx_hal_pwr.o
HAL_PWR_EnterSTOPMode                             build/stm32f4xx_hal_pwr.o
HAL_PWR_PVDCallback                               build/stm32f4xx_hal_pwr.o
HAL_PWR_PVD_IRQHandler                            build/stm32f4xx_hal_pwr.o
HAL_RCCEx_DisablePLLI2S                           build/stm32f4xx_hal_rcc_ex.o
HAL_RCCEx_DisablePLLSAI                           build/stm32f4xx_hal_rcc_ex.o
HAL_RCCEx_EnablePLLI2S                            build/stm32f4xx_hal_rcc_ex.o
HAL_RCCEx_EnablePLLSAI                            build/stm32f4xx_hal_rcc_ex.o
HAL_RCCEx_GetPeriphCLKConfig                      build/stm32f4xx_hal_rcc_ex.o
HAL_RCCEx_GetPeriphCLKFreq                        build/stm32f4xx_hal_rcc_ex.o
HAL_RCCEx_PeriphCLKConfig                         build/stm32f4xx_hal_rcc_ex.o
HAL_RCC_CSSCallback                               build/stm32f4xx_hal_rcc.o
HAL_RCC_ClockConfig                               build/stm32f4xx_hal_rcc.o
                                                  build/main.o
HAL_RCC_DeInit                                    build/stm32f4xx_hal_rcc_ex.o
                                                  build/stm32f4xx_hal_rcc.o
HAL_RCC_DisableCSS                                build/stm32f4xx_hal_rcc.o
HAL_RCC_EnableCSS                                 build/stm32f4xx_hal_rcc.o
HAL_RCC_GetClockConfig                            build/stm32f4xx_hal_rcc.o
                                                  build/stm32f4xx_hal_timebase_tim.o
HAL_RCC_GetHCLKFreq                               build/stm32f4xx_hal_rcc.o
HAL_RCC_GetOscConfig                              build/stm32f4xx_hal_rcc.o
HAL_RCC_GetPCLK1Freq                              build/stm32f4xx_hal_rcc.o
                                                  build/stm32f4xx_hal_timebase_tim.o
                                                  build/stm32f4xx_hal_uart.o
HAL_RCC_GetPCLK2Freq                              build/stm32f4xx_hal_rcc.o
                                                  build/stm32f4xx_hal_uart.o
HAL_RCC_GetSysClockFreq                           build/stm32f4xx_hal_rcc.o
HAL_RCC_MCOConfig                                 build/stm32f4xx_hal_rcc.o
HAL_RCC_NMI_IRQHandler                            build/stm32f4xx_hal_rcc.o
HAL_RCC_OscConfig                                 build/stm32f4xx_hal_rcc.o
                                                  build/main.o